ARM Linker, 5.03 [Build 24] [MDK-ARM Standard]

==============================================================================

Section Cross References

    main.o(.text) refers to _printf_percent.o(.ARM.Collect$$_printf_percent$$00000000) for _printf_percent
    main.o(.text) refers to _printf_f.o(.ARM.Collect$$_printf_percent$$00000003) for _printf_f
    main.o(.text) refers to printf1.o(x$fpl$printf1) for _printf_fp_dec
    main.o(.text) refers to stm32f10x_rcc.o(.text) for RCC_APB1PeriphClockCmd
    main.o(.text) refers to stm32f10x_tim.o(.text) for TIM_TimeBaseInit
    main.o(.text) refers to misc.o(.text) for NVIC_SetVectorTable
    main.o(.text) refers to faddsub_clz.o(x$fpl$fsub) for __aeabi_fsub
    main.o(.text) refers to fmul.o(x$fpl$fmul) for __aeabi_fmul
    main.o(.text) refers to faddsub_clz.o(x$fpl$fadd) for __aeabi_fadd
    main.o(.text) refers to fdiv.o(x$fpl$fdiv) for __aeabi_fdiv
    main.o(.text) refers to faddsub_clz.o(x$fpl$frsb) for __aeabi_frsub
    main.o(.text) refers to mpu6050.o(.text) for I2C_ReadBuffer
    main.o(.text) refers to fflt_clz.o(x$fpl$fflt) for __aeabi_i2f
    main.o(.text) refers to f2d.o(x$fpl$f2d) for __aeabi_f2d
    main.o(.text) refers to dmul.o(x$fpl$dmul) for __aeabi_dmul
    main.o(.text) refers to ddiv.o(x$fpl$ddiv) for __aeabi_ddiv
    main.o(.text) refers to d2f.o(x$fpl$d2f) for __aeabi_d2f
    main.o(.text) refers to sys.o(.text) for Stm32_Clock_Init
    main.o(.text) refers to delay.o(.text) for delay_init
    main.o(.text) refers to usart.o(.text) for Usart_Configuration
    main.o(.text) refers to noretval__2printf.o(.text) for __2printf
    main.o(.text) refers to main.o(.data) for Q_bias
    main.o(.text) refers to main.o(.bss) for Pdot
    system_stm32f10x.o(.text) refers to system_stm32f10x.o(.data) for SystemCoreClock
    delay.o(.text) refers to delay.o(.data) for fac_us
    sys.o(.text) refers to sys.o(.emb_text) for WFI_SET
    usart.o(.text) refers (Special) to use_no_semi_2.o(.text) for __use_no_semihosting
    usart.o(.text) refers to stm32f10x_rcc.o(.text) for RCC_APB2PeriphClockCmd
    usart.o(.text) refers to stm32f10x_gpio.o(.text) for GPIO_Init
    usart.o(.text) refers to stm32f10x_usart.o(.text) for USART_ITConfig
    usart.o(.data) refers (Special) to use_no_semi_2.o(.text) for __use_no_semihosting
    mpu6050.o(.text) refers to stm32f10x_rcc.o(.text) for RCC_APB2PeriphClockCmd
    mpu6050.o(.text) refers to stm32f10x_gpio.o(.text) for GPIO_Init
    mpu6050.o(.text) refers to stm32f10x_i2c.o(.text) for I2C_Cmd
    mpu6050.o(.text) refers to delay.o(.text) for delay_ms
    stm32f10x_gpio.o(.text) refers to stm32f10x_rcc.o(.text) for RCC_APB2PeriphResetCmd
    stm32f10x_rcc.o(.text) refers to stm32f10x_rcc.o(.data) for APBAHBPrescTable
    stm32f10x_tim.o(.text) refers to stm32f10x_rcc.o(.text) for RCC_APB2PeriphResetCmd
    stm32f10x_usart.o(.text) refers to stm32f10x_rcc.o(.text) for RCC_APB2PeriphResetCmd
    stm32f10x_i2c.o(.text) refers to stm32f10x_rcc.o(.text) for RCC_APB1PeriphResetCmd
    startup_stm32f10x_hd.o(STACK) refers (Special) to heapauxi.o(.text) for __use_two_region_memory
    startup_stm32f10x_hd.o(HEAP) refers (Special) to heapauxi.o(.text) for __use_two_region_memory
    startup_stm32f10x_hd.o(RESET) refers (Special) to heapauxi.o(.text) for __use_two_region_memory
    startup_stm32f10x_hd.o(RESET) refers to startup_stm32f10x_hd.o(STACK) for __initial_sp
    startup_stm32f10x_hd.o(RESET) refers to startup_stm32f10x_hd.o(.text) for Reset_Handler
    startup_stm32f10x_hd.o(RESET) refers to stm32f10x_it.o(.text) for NMI_Handler
    startup_stm32f10x_hd.o(RESET) refers to main.o(.text) for TIM2_IRQHandler
    startup_stm32f10x_hd.o(RESET) refers to usart.o(.text) for USART1_IRQHandler
    startup_stm32f10x_hd.o(.text) refers (Special) to heapauxi.o(.text) for __use_two_region_memory
    startup_stm32f10x_hd.o(.text) refers to system_stm32f10x.o(.text) for SystemInit
    startup_stm32f10x_hd.o(.text) refers to __main.o(!!!main) for __main
    startup_stm32f10x_hd.o(.text) refers to startup_stm32f10x_hd.o(HEAP) for Heap_Mem
    startup_stm32f10x_hd.o(.text) refers to startup_stm32f10x_hd.o(STACK) for Stack_Mem
    use_no_semi_2.o(.text) refers (Special) to use_no_semi.o(.text) for __use_no_semihosting_swi
    __2printf.o(.text) refers to _printf_char_file.o(.text) for _printf_char_file
    __2printf.o(.text) refers to usart.o(.data) for __stdout
    noretval__2printf.o(.text) refers to _printf_char_file.o(.text) for _printf_char_file
    noretval__2printf.o(.text) refers to usart.o(.data) for __stdout
    __printf.o(.text) refers to _printf_percent.o(.ARM.Collect$$_printf_percent$$00000000) for _printf_percent
    __printf_flags.o(.text) refers to _printf_percent.o(.ARM.Collect$$_printf_percent$$00000000) for _printf_percent
    __printf_flags.o(.text) refers to __printf_flags.o(.constdata) for .constdata
[...]
    defsig.o(CL$$defsig) refers to defsig_rtmem_inner.o(.text) for __rt_SIGRTMEM_inner
    defsig_abrt_inner.o(.text) refers to defsig_general.o(.text) for __default_signal_display
    defsig_fpe_inner.o(.text) refers to defsig_general.o(.text) for __default_signal_display
    defsig_rtred_inner.o(.text) refers to defsig_general.o(.text) for __default_signal_display
    defsig_stak_inner.o(.text) refers to defsig_general.o(.text) for __default_signal_display
    defsig_pvfn_inner.o(.text) refers to defsig_general.o(.text) for __default_signal_display
    defsig_cppl_inner.o(.text) refers to defsig_general.o(.text) for __default_signal_display
    defsig_segv_inner.o(.text) refers to defsig_general.o(.text) for __default_signal_display
    defsig_other.o(.text) refers to defsig_general.o(.text) for __default_signal_display


==============================================================================

Removing Unused input sections from the image.

    Removing core_cm3.o(.emb_text), (32 bytes).

1 unused section(s) (total 32 bytes) removed from the image.

==============================================================================

Image Symbol Table

    Local Symbols

    Symbol Name                              Value     Ov Type        Size  Object(Section)

    ../clib/angel/boardlib.s                 0x00000000   Number         0  boardinit3.o ABSOLUTE
    ../clib/angel/boardlib.s                 0x00000000   Number         0  boardshut.o ABSOLUTE
    ../clib/angel/boardlib.s                 0x00000000   Number         0  boardinit2.o ABSOLUTE
    ../clib/angel/boardlib.s                 0x00000000   Number         0  boardinit1.o ABSOLUTE
    ../clib/angel/handlers.s                 0x00000000   Number         0  __scatter_zi.o ABSOLUTE
    ../clib/angel/handlers.s                 0x00000000   Number         0  __scatter_copy.o ABSOLUTE
    ../clib/angel/kernel.s                   0x00000000   Number         0  rtentry.o ABSOLUTE
    ../clib/angel/kernel.s                   0x00000000   Number         0  rtexit.o ABSOLUTE
    ../clib/angel/kernel.s                   0x00000000   Number         0  rtentry4.o ABSOLUTE
    ../clib/angel/kernel.s                   0x00000000   Number         0  rtentry2.o ABSOLUTE
    ../clib/angel/kernel.s                   0x00000000   Number         0  rtexit2.o ABSOLUTE
    ../clib/angel/rt.s                       0x00000000   Number         0  rt_locale_intlibspace.o ABSOLUTE
    ../clib/angel/rt.s                       0x00000000   Number         0  rt_raise.o ABSOLUTE
    ../clib/angel/rt.s                       0x00000000   Number         0  rt_locale.o ABSOLUTE
    ../clib/angel/scatter.s                  0x00000000   Number         0  __scatter.o ABSOLUTE
    ../clib/angel/startup.s                  0x00000000   Number         0  __main.o ABSOLUTE
    ../clib/angel/sys.s                      0x00000000   Number         0  use_no_semi.o ABSOLUTE
    ../clib/angel/sys.s                      0x00000000   Number         0  indicate_semi.o ABSOLUTE
    ../clib/angel/sys.s                      0x00000000   Number         0  libspace.o ABSOLUTE
    ../clib/angel/sys.s                      0x00000000   Number         0  use_no_semi_2.o ABSOLUTE
    ../clib/angel/sys.s                      0x00000000   Number         0  sys_stackheap_outer.o ABSOLUTE
    ../clib/angel/sysapp.c                   0x00000000   Number         0  sys_command.o ABSOLUTE
    ../clib/angel/sysapp.c                   0x00000000   Number         0  sys_wrch.o ABSOLUTE
    ../clib/armsys.c                         0x00000000   Number         0  argv_veneer.o ABSOLUTE
    ../clib/armsys.c                         0x00000000   Number         0  _get_argv_nomalloc.o ABSOLUTE
    ../clib/armsys.c                         0x00000000   Number         0  argv_veneer.o ABSOLUTE
    ../clib/armsys.c                         0x00000000   Number         0  no_argv.o ABSOLUTE
    ../clib/bigflt.c                         0x00000000   Number         0  bigflt0.o ABSOLUTE
    ../clib/btod.s                           0x00000000   Number         0  btod.o ABSOLUTE
    ../clib/heapalloc.c                      0x00000000   Number         0  hrguard.o ABSOLUTE
    ../clib/heapaux.c                        0x00000000   Number         0  heapauxi.o ABSOLUTE
    ../clib/libinit.s                        0x00000000   Number         0  libshutdown2.o ABSOLUTE
    ../clib/libinit.s                        0x00000000   Number         0  libshutdown.o ABSOLUTE
    ../clib/libinit.s                        0x00000000   Number         0  libinit2.o ABSOLUTE
    ../clib/libinit.s                        0x00000000   Number         0  libinit.o ABSOLUTE
    ../clib/locale.s                         0x00000000   Number         0  lc_numeric_c.o ABSOLUTE
    ../clib/longlong.s                       0x00000000   Number         0  lludiv10.o ABSOLUTE
    ../clib/memcpset.s                       0x00000000   Number         0  strcmpv7m.o ABSOLUTE
    ../clib/printf.c                         0x00000000   Number         0  __printf_flags.o ABSOLUTE
    ../clib/printf.c                         0x00000000   Number         0  __printf_ss_wp.o ABSOLUTE
    ../clib/printf.c                         0x00000000   Number         0  __printf_flags_ss_wp.o ABSOLUTE
    ../clib/printf.c                         0x00000000   Number         0  __printf_ss.o ABSOLUTE
    ../clib/printf.c                         0x00000000   Number         0  _printf_fp_infnan.o ABSOLUTE
    ../clib/printf.c                         0x00000000   Number         0  noretval__2printf.o ABSOLUTE
    ../clib/printf.c                         0x00000000   Number         0  _printf_char_common.o ABSOLUTE
    ../clib/printf.c                         0x00000000   Number         0  _printf_char_file.o ABSOLUTE
    ../clib/printf.c                         0x00000000   Number         0  __printf.o ABSOLUTE
    ../clib/printf.c                         0x00000000   Number         0  _printf_fp_dec.o ABSOLUTE
    ../clib/printf.c                         0x00000000   Number         0  __printf_flags_ss.o ABSOLUTE
    ../clib/printf.c                         0x00000000   Number         0  __printf_wp.o ABSOLUTE
    ../clib/printf.c                         0x00000000   Number         0  __printf_nopercent.o ABSOLUTE
    ../clib/printf.c                         0x00000000   Number         0  __2printf.o ABSOLUTE
    ../clib/printf.c                         0x00000000   Number         0  __printf_flags_wp.o ABSOLUTE
    ../clib/printf_percent.s                 0x00000000   Number         0  _printf_f.o ABSOLUTE
    ../clib/printf_percent.s                 0x00000000   Number         0  _printf_percent.o ABSOLUTE
    ../clib/printf_percent.s                 0x00000000   Number         0  _printf_percent_end.o ABSOLUTE
    ../clib/signal.c                         0x00000000   Number         0  defsig_fpe_inner.o ABSOLUTE
    ../clib/signal.c                         0x00000000   Number         0  defsig_rtmem_formal.o ABSOLUTE
    ../clib/signal.c                         0x00000000   Number         0  defsig_other.o ABSOLUTE
    ../clib/signal.c                         0x00000000   Number         0  defsig_segv_inner.o ABSOLUTE
    ../clib/signal.c                         0x00000000   Number         0  defsig_rtmem_outer.o ABSOLUTE
    ../clib/signal.c                         0x00000000   Number         0  defsig_cppl_inner.o ABSOLUTE
    ../clib/signal.c                         0x00000000   Number         0  defsig_pvfn_inner.o ABSOLUTE
    ../clib/signal.c                         0x00000000   Number         0  defsig_stak_inner.o ABSOLUTE
    ../clib/signal.c                         0x00000000   Number         0  defsig_rtred_inner.o ABSOLUTE
    ../clib/signal.c                         0x00000000   Number         0  defsig_abrt_inner.o ABSOLUTE
    ../clib/signal.c                         0x00000000   Number         0  defsig_general.o ABSOLUTE
    ../clib/signal.c                         0x00000000   Number         0  __raise.o ABSOLUTE
    ../clib/signal.c                         0x00000000   Number         0  defsig_rtmem_inner.o ABSOLUTE
    ../clib/signal.c                         0x00000000   Number         0  defsig_exit.o ABSOLUTE
    ../clib/signal.s                         0x00000000   Number         0  defsig.o ABSOLUTE
    ../clib/stdio.c                          0x00000000   Number         0  ferror_locked.o ABSOLUTE
    ../clib/stdio.c                          0x00000000   Number         0  ferror.o ABSOLUTE
    ../clib/stdlib.c                         0x00000000   Number         0  exit.o ABSOLUTE
    ../fplib/d2f.s                           0x00000000   Number         0  d2f.o ABSOLUTE
    ../fplib/ddiv.s                          0x00000000   Number         0  ddiv.o ABSOLUTE
    ../fplib/dmul.s                          0x00000000   Number         0  dmul.o ABSOLUTE
    ../fplib/dnaninf.s                       0x00000000   Number         0  dnaninf.o ABSOLUTE
    ../fplib/dretinf.s                       0x00000000   Number         0  dretinf.o ABSOLUTE
    ../fplib/f2d.s                           0x00000000   Number         0  f2d.o ABSOLUTE
    ../fplib/faddsub.s                       0x00000000   Number         0  faddsub_clz.o ABSOLUTE
    ../fplib/fdiv.s                          0x00000000   Number         0  fdiv.o ABSOLUTE
    ../fplib/fflt.s                          0x00000000   Number         0  fflt_clz.o ABSOLUTE
    ../fplib/fmul.s                          0x00000000   Number         0  fmul.o ABSOLUTE
    ../fplib/fnaninf.s                       0x00000000   Number         0  fnaninf.o ABSOLUTE
    ../fplib/fpinit.s                        0x00000000   Number         0  fpinit.o ABSOLUTE
    ../fplib/fretinf.s                       0x00000000   Number         0  fretinf.o ABSOLUTE
    ../fplib/istatus.s                       0x00000000   Number         0  istatus.o ABSOLUTE
    ../fplib/printf1.s                       0x00000000   Number         0  printf1.o ABSOLUTE
    ../fplib/usenofp.s                       0x00000000   Number         0  usenofp.o ABSOLUTE
    ../mathlib/fpclassify.c                  0x00000000   Number         0  fpclassify.o ABSOLUTE
    ..\CMSIS\CM3\CoreSupport\core_cm3.c      0x00000000   Number         0  core_cm3.o ABSOLUTE
    ..\CMSIS\CM3\DeviceSupport\ST\STM32F10x\startup\arm\startup_stm32f10x_hd.s 0x00000000   Number         0  startup_stm32f10x_hd.o ABSOLUTE
    ..\STM32F10x_StdPeriph_Driver\src\misc.c 0x00000000   Number         0  misc.o ABSOLUTE
    ..\STM32F10x_StdPeriph_Driver\src\stm32f10x_gpio.c 0x00000000   Number         0  stm32f10x_gpio.o ABSOLUTE
    ..\STM32F10x_StdPeriph_Driver\src\stm32f10x_i2c.c 0x00000000   Number         0  stm32f10x_i2c.o ABSOLUTE
    ..\STM32F10x_StdPeriph_Driver\src\stm32f10x_rcc.c 0x00000000   Number         0  stm32f10x_rcc.o ABSOLUTE
    ..\STM32F10x_StdPeriph_Driver\src\stm32f10x_tim.c 0x00000000   Number         0  stm32f10x_tim.o ABSOLUTE
    ..\STM32F10x_StdPeriph_Driver\src\stm32f10x_usart.c 0x00000000   Number         0  stm32f10x_usart.o ABSOLUTE
    ..\User\MPU6050.c                        0x00000000   Number         0  mpu6050.o ABSOLUTE
    ..\User\Usart.c                          0x00000000   Number         0  usart.o ABSOLUTE
    ..\User\delay.c                          0x00000000   Number         0  delay.o ABSOLUTE
    ..\User\main.c                           0x00000000   Number         0  main.o ABSOLUTE
    ..\User\stm32f10x_it.c                   0x00000000   Number         0  stm32f10x_it.o ABSOLUTE
    ..\User\sys.c                            0x00000000   Number         0  sys.o ABSOLUTE
    ..\User\system_stm32f10x.c               0x00000000   Number         0  system_stm32f10x.o ABSOLUTE
    ..\\CMSIS\\CM3\\CoreSupport\\core_cm3.c  0x00000000   Number         0  core_cm3.o ABSOLUTE
    ..\\User\\sys.c                          0x00000000   Number         0  sys.o ABSOLUTE
    dc.s                                     0x00000000   Number         0  dc.o ABSOLUTE
    RESET                                    0x08000000   Section      304  startup_stm32f10x_hd.o(RESET)
    !!!main                                  0x08000130   Section        8  __main.o(!!!main)
    !!!scatter                               0x08000138   Section       52  __scatter.o(!!!scatter)
    !!handler_copy                           0x0800016c   Section       26  __scatter_copy.o(!!handler_copy)
    !!handler_zi                             0x08000188   Section       28  __scatter_zi.o(!!handler_zi)
    .ARM.Collect$$_printf_percent$$00000000  0x080001a4   Section        0  _printf_percent.o(.ARM.Collect$$_printf_percent$$00000000)
    .ARM.Collect$$_printf_percent$$00000003  0x080001a4   Section        6  _printf_f.o(.ARM.Collect$$_printf_percent$$00000003)
    .ARM.Collect$$_printf_percent$$00000017  0x080001aa   Section        4  _printf_percent_end.o(.ARM.Collect$$_printf_percent$$00000017)
    .ARM.Collect$$libinit$$00000000          0x080001ae   Section        2  libinit.o(.ARM.Collect$$libinit$$00000000)
    .ARM.Collect$$libinit$$00000002          0x080001b0   Section        0  libinit2.o(.ARM.Collect$$libinit$$00000002)
    .ARM.Collect$$libinit$$00000008          0x080001b0   Section        0  libinit2.o(.ARM.Collect$$libinit$$00000008)
    .ARM.Collect$$libinit$$0000000A          0x080001b0   Section        0  libinit2.o(.ARM.Collect$$libinit$$0000000A)
    .ARM.Collect$$libinit$$0000000C          0x080001b0   Section        0  libinit2.o(.ARM.Collect$$libinit$$0000000C)
    .ARM.Collect$$libinit$$0000000D          0x080001b0   Section        6  libinit2.o(.ARM.Collect$$libinit$$0000000D)
    .ARM.Collect$$libinit$$0000000F          0x080001b6   Section        0  libinit2.o(.ARM.Collect$$libinit$$0000000F)
    .ARM.Collect$$libinit$$00000011          0x080001b6   Section        0  libinit2.o(.ARM.Collect$$libinit$$00000011)
    .ARM.Collect$$libinit$$00000013          0x080001b6   Section        0  libinit2.o(.ARM.Collect$$libinit$$00000013)
    .ARM.Collect$$libinit$$00000014          0x080001b6   Section       10  libinit2.o(.ARM.Collect$$libinit$$00000014)
    .ARM.Collect$$libinit$$00000015          0x080001c0   Section        0  libinit2.o(.ARM.Collect$$libinit$$00000015)
    .ARM.Collect$$libinit$$00000017          0x080001c0   Section        0  libinit2.o(.ARM.Collect$$libinit$$00000017)
    .ARM.Collect$$libinit$$00000019          0x080001c0   Section        0  libinit2.o(.ARM.Collect$$libinit$$00000019)
    .ARM.Collect$$libinit$$0000001B          0x080001c0   Section        0  libinit2.o(.ARM.Collect$$libinit$$0000001B)
    .ARM.Collect$$libinit$$0000001D          0x080001c0   Section        0  libinit2.o(.ARM.Collect$$libinit$$0000001D)
    .ARM.Collect$$libinit$$0000001F          0x080001c0   Section        0  libinit2.o(.ARM.Collect$$libinit$$0000001F)
    .ARM.Collect$$libinit$$00000021          0x080001c0   Section        0  libinit2.o(.ARM.Collect$$libinit$$00000021)
    .ARM.Collect$$libinit$$00000023          0x080001c0   Section        0  libinit2.o(.ARM.Collect$$libinit$$00000023)
    .ARM.Collect$$libinit$$0000002A          0x080001c0   Section        0  libinit2.o(.ARM.Collect$$libinit$$0000002A)
    .ARM.Collect$$libinit$$0000002C          0x080001c0   Section        0  libinit2.o(.ARM.Collect$$libinit$$0000002C)
    .ARM.Collect$$libinit$$0000002E          0x080001c0   Section        0  libinit2.o(.ARM.Collect$$libinit$$0000002E)
    .ARM.Collect$$libinit$$00000030          0x080001c0   Section        0  libinit2.o(.ARM.Collect$$libinit$$00000030)
    .ARM.Collect$$libinit$$00000031          0x080001c0   Section        2  libinit2.o(.ARM.Collect$$libinit$$00000031)
    .ARM.Collect$$libshutdown$$00000000      0x080001c2   Section        2  libshutdown.o(.ARM.Collect$$libshutdown$$00000000)
    .ARM.Collect$$libshutdown$$00000003      0x080001c4   Section        0  libshutdown2.o(.ARM.Collect$$libshutdown$$00000003)
    .ARM.Collect$$libshutdown$$00000006      0x080001c4   Section        0  libshutdown2.o(.ARM.Collect$$libshutdown$$00000006)
    .ARM.Collect$$libshutdown$$00000009      0x080001c4   Section        0  libshutdown2.o(.ARM.Collect$$libshutdown$$00000009)
    .ARM.Collect$$libshutdown$$0000000B      0x080001c4   Section        0  libshutdown2.o(.ARM.Collect$$libshutdown$$0000000B)
    .ARM.Collect$$libshutdown$$0000000E      0x080001c4   Section        0  libshutdown2.o(.ARM.Collect$$libshutdown$$0000000E)
    .ARM.Collect$$libshutdown$$0000000F      0x080001c4   Section        2  libshutdown2.o(.ARM.Collect$$libshutdown$$0000000F)
    .ARM.Collect$$rtentry$$00000000          0x080001c6   Section        0  rtentry.o(.ARM.Collect$$rtentry$$00000000)
    .ARM.Collect$$rtentry$$00000002          0x080001c6   Section        0  rtentry2.o(.ARM.Collect$$rtentry$$00000002)
    .ARM.Collect$$rtentry$$00000004          0x080001c6   Section        6  rtentry4.o(.ARM.Collect$$rtentry$$00000004)
    .ARM.Collect$$rtentry$$00000009          0x080001cc   Section        0  rtentry2.o(.ARM.Collect$$rtentry$$00000009)
    .ARM.Collect$$rtentry$$0000000A          0x080001cc   Section        4  rtentry2.o(.ARM.Collect$$rtentry$$0000000A)
    .ARM.Collect$$rtentry$$0000000C          0x080001d0   Section        0  rtentry2.o(.ARM.Collect$$rtentry$$0000000C)
    .ARM.Collect$$rtentry$$0000000D          0x080001d0   Section        8  rtentry2.o(.ARM.Collect$$rtentry$$0000000D)
    .ARM.Collect$$rtexit$$00000000           0x080001d8   Section        2  rtexit.o(.ARM.Collect$$rtexit$$00000000)
    .ARM.Collect$$rtexit$$00000002           0x080001da   Section        0  rtexit2.o(.ARM.Collect$$rtexit$$00000002)
    .ARM.Collect$$rtexit$$00000003           0x080001da   Section        4  rtexit2.o(.ARM.Collect$$rtexit$$00000003)
    .ARM.Collect$$rtexit$$00000004           0x080001de   Section        6  rtexit2.o(.ARM.Collect$$rtexit$$00000004)
    .emb_text                                0x080001e4   Section        2  sys.o(.emb_text)
    .text                                    0x080001e8   Section        0  main.o(.text)
    .text                                    0x0800061c   Section        0  stm32f10x_it.o(.text)
    .text                                    0x08000638   Section        0  system_stm32f10x.o(.text)
    SetSysClockTo72                          0x08000639   Thumb Code   212  system_stm32f10x.o(.text)
    SetSysClock                              0x0800070d   Thumb Code     8  system_stm32f10x.o(.text)
    .text                                    0x08000814   Section        0  delay.o(.text)
    .text                                    0x080008c0   Section        0  sys.o(.text)
    .text                                    0x08000a20   Section        0  usart.o(.text)
    .text                                    0x08000b4c   Section        0  mpu6050.o(.text)
    .text                                    0x08000e84   Section        0  stm32f10x_gpio.o(.text)
    .text                                    0x080011dc   Section        0  stm32f10x_rcc.o(.text)
    .text                                    0x08001580   Section        0  misc.o(.text)
    .text                                    0x0800165c   Section        0  stm32f10x_tim.o(.text)
    TI4_Config                               0x08001b03   Thumb Code   130  stm32f10x_tim.o(.text)
    TI3_Config                               0x08001b97   Thumb Code   122  stm32f10x_tim.o(.text)
    TI2_Config                               0x08001c2b   Thumb Code   130  stm32f10x_tim.o(.text)
    TI1_Config                               0x08001cbf   Thumb Code   108  stm32f10x_tim.o(.text)
    .text                                    0x08002478   Section        0  stm32f10x_usart.o(.text)
    .text                                    0x08002880   Section        0  stm32f10x_i2c.o(.text)
    .text                                    0x08002c84   Section       64  startup_stm32f10x_hd.o(.text)
    .text                                    0x08002cc4   Section        2  use_no_semi_2.o(.text)
    .text                                    0x08002cc8   Section        0  noretval__2printf.o(.text)
    .text                                    0x08002ce0   Section        0  __printf.o(.text)
    .text                                    0x08002d48   Section        0  heapauxi.o(.text)
    .text                                    0x08002d4e   Section        2  use_no_semi.o(.text)
    .text                                    0x08002d50   Section        0  _printf_fp_dec.o(.text)
    _fp_digits                               0x08002d53   Thumb Code   426  _printf_fp_dec.o(.text)
    .text                                    0x08003170   Section        0  _printf_char_file.o(.text)
    .text                                    0x08003194   Section        8  rt_locale_intlibspace.o(.text)
    .text                                    0x0800319c   Section      138  lludiv10.o(.text)
    .text                                    0x08003228   Section        0  _printf_char_common.o(.text)
    _printf_input_char                       0x08003229   Thumb Code    10  _printf_char_common.o(.text)
    .text                                    0x08003258   Section        0  _printf_fp_infnan.o(.text)
    .text                                    0x080032d8   Section        0  bigflt0.o(.text)
    .text                                    0x080033bc   Section        0  ferror.o(.text)
    .text                                    0x080033c4   Section        8  libspace.o(.text)
    .text                                    0x080033cc   Section       74  sys_stackheap_outer.o(.text)
    .text                                    0x08003416   Section        0  exit.o(.text)
    .text                                    0x08003424   Section      128  strcmpv7m.o(.text)
    CL$$btod_d2e                             0x080034a4   Section       62  btod.o(CL$$btod_d2e)
    CL$$btod_d2e_denorm_low                  0x080034e2   Section       70  btod.o(CL$$btod_d2e_denorm_low)
    CL$$btod_d2e_norm_op1                    0x08003528   Section       96  btod.o(CL$$btod_d2e_norm_op1)
    CL$$btod_div_common                      0x08003588   Section      824  btod.o(CL$$btod_div_common)
    CL$$btod_e2e                             0x080038c0   Section      198  btod.o(CL$$btod_e2e)
    CL$$btod_ediv                            0x08003986   Section       40  btod.o(CL$$btod_ediv)
    CL$$btod_emul                            0x080039ae   Section       40  btod.o(CL$$btod_emul)
    CL$$btod_mult_common                     0x080039d6   Section      580  btod.o(CL$$btod_mult_common)
    i.__ARM_fpclassify                       0x08003c1a   Section        0  fpclassify.o(i.__ARM_fpclassify)
    locale$$code                             0x08003c44   Section       44  lc_numeric_c.o(locale$$code)
    x$fpl$d2f                                0x08003c70   Section       98  d2f.o(x$fpl$d2f)
    x$fpl$ddiv                               0x08003cd4   Section      688  ddiv.o(x$fpl$ddiv)
    ddiv_entry                               0x08003cdb   Thumb Code     0  ddiv.o(x$fpl$ddiv)
    x$fpl$dmul                               0x08003f84   Section      340  dmul.o(x$fpl$dmul)
    x$fpl$dnaninf                            0x080040d8   Section      156  dnaninf.o(x$fpl$dnaninf)
    x$fpl$dretinf                            0x08004174   Section       12  dretinf.o(x$fpl$dretinf)
    x$fpl$f2d                                0x08004180   Section       86  f2d.o(x$fpl$f2d)
    x$fpl$fadd                               0x080041d8   Section      196  faddsub_clz.o(x$fpl$fadd)
    _fadd1                                   0x080041e7   Thumb Code     0  faddsub_clz.o(x$fpl$fadd)
    x$fpl$fdiv                               0x0800429c   Section      388  fdiv.o(x$fpl$fdiv)
    _fdiv1                                   0x0800429d   Thumb Code     0  fdiv.o(x$fpl$fdiv)
    x$fpl$fflt                               0x08004420   Section       48  fflt_clz.o(x$fpl$fflt)
    x$fpl$fmul                               0x08004450   Section      258  fmul.o(x$fpl$fmul)
    x$fpl$fnaninf                            0x08004552   Section      140  fnaninf.o(x$fpl$fnaninf)
    x$fpl$fretinf                            0x080045de   Section       10  fretinf.o(x$fpl$fretinf)
    x$fpl$frsb                               0x080045e8   Section       20  faddsub_clz.o(x$fpl$frsb)
    x$fpl$fsub                               0x080045fc   Section      234  faddsub_clz.o(x$fpl$fsub)
    _fsub1                                   0x0800460b   Thumb Code     0  faddsub_clz.o(x$fpl$fsub)
    x$fpl$printf1                            0x080046e6   Section        4  printf1.o(x$fpl$printf1)
    x$fpl$usenofp                            0x080046ea   Section        0  usenofp.o(x$fpl$usenofp)
    .constdata                               0x080046ec   Section      148  bigflt0.o(.constdata)
    tenpwrs_x                                0x080046ec   Data          60  bigflt0.o(.constdata)
    tenpwrs_i                                0x08004728   Data          64  bigflt0.o(.constdata)
    locale$$data                             0x080047a0   Section       28  lc_numeric_c.o(locale$$data)
    __lcnum_c_name                           0x080047a4   Data           2  lc_numeric_c.o(locale$$data)
    __lcnum_c_start                          0x080047ac   Data           0  lc_numeric_c.o(locale$$data)
    __lcnum_c_point                          0x080047b8   Data           0  lc_numeric_c.o(locale$$data)
    __lcnum_c_thousands                      0x080047ba   Data           0  lc_numeric_c.o(locale$$data)
    __lcnum_c_grouping                       0x080047bb   Data           0  lc_numeric_c.o(locale$$data)
    __lcnum_c_end                            0x080047bc   Data           0  lc_numeric_c.o(locale$$data)
    .data                                    0x20000000   Section       76  main.o(.data)
    Q_bias                                   0x20000000   Data           4  main.o(.data)
    Angle_err                                0x20000004   Data           4  main.o(.data)
    PCt_0                                    0x20000008   Data           4  main.o(.data)
    PCt_1                                    0x2000000c   Data           4  main.o(.data)
    E                                        0x20000010   Data           4  main.o(.data)
    K_0                                      0x20000014   Data           4  main.o(.data)
    K_1                                      0x20000018   Data           4  main.o(.data)
    t_0                                      0x2000001c   Data           4  main.o(.data)
    t_1                                      0x20000020   Data           4  main.o(.data)
    PP                                       0x20000024   Data          16  main.o(.data)
    DataBuffer                               0x20000034   Data           2  main.o(.data)
    .data                                    0x2000004c   Section       20  system_stm32f10x.o(.data)
    .data                                    0x20000060   Section        4  delay.o(.data)
    fac_us                                   0x20000060   Data           1  delay.o(.data)
    fac_ms                                   0x20000062   Data           2  delay.o(.data)
    .data                                    0x20000064   Section        4  usart.o(.data)
    .data                                    0x20000068   Section       20  stm32f10x_rcc.o(.data)
    APBAHBPrescTable                         0x20000068   Data          16  stm32f10x_rcc.o(.data)
    ADCPrescTable                            0x20000078   Data           4  stm32f10x_rcc.o(.data)
    .bss                                     0x2000007c   Section       16  main.o(.bss)
    Pdot                                     0x2000007c   Data          16  main.o(.bss)
    .bss                                     0x2000008c   Section       96  libspace.o(.bss)
    HEAP                                     0x200000f0   Section      512  startup_stm32f10x_hd.o(HEAP)
    Heap_Mem                                 0x200000f0   Data         512  startup_stm32f10x_hd.o(HEAP)
    STACK                                    0x200002f0   Section     1024  startup_stm32f10x_hd.o(STACK)
    Stack_Mem                                0x200002f0   Data        1024  startup_stm32f10x_hd.o(STACK)
    __initial_sp                             0x200006f0   Data           0  startup_stm32f10x_hd.o(STACK)

    Global Symbols

    Symbol Name                              Value     Ov Type        Size  Object(Section)

    BuildAttributes$$THM_ISAv4$P$D$K$B$S$PE$A:L22UL41UL21$X:L11$S22US41US21$IEEE1$IW$USESV6$~STKCKD$USESV7$~SHL$OTIME$ROPI$IEEEJ$EBA8$UX$STANDARDLIB$REQ8$PRES8$EABIv2 0x00000000   Number         0  anon$$obj.o ABSOLUTE
    __ARM_use_no_argv                        0x00000000   Number         0  main.o ABSOLUTE
    __ARM_exceptions_init                     - Undefined Weak Reference
    __alloca_initialize                       - Undefined Weak Reference
    __cpp_initialize__aeabi_                  - Undefined Weak Reference
    __cxa_finalize                            - Undefined Weak Reference
    __sigvec_lookup                           - Undefined Weak Reference
    _atexit_init                              - Undefined Weak Reference
    _call_atexit_fns                          - Undefined Weak Reference
    _clock_init                               - Undefined Weak Reference
    _fp_trap_init                             - Undefined Weak Reference
    _fp_trap_shutdown                         - Undefined Weak Reference
    _get_lc_collate                           - Undefined Weak Reference
    _get_lc_ctype                             - Undefined Weak Reference
    _get_lc_monetary                          - Undefined Weak Reference
    _get_lc_time                              - Undefined Weak Reference
    _getenv_init                              - Undefined Weak Reference
    _handle_redirection                       - Undefined Weak Reference
    _init_alloc                               - Undefined Weak Reference
    _init_user_alloc                          - Undefined Weak Reference
    _initio                                   - Undefined Weak Reference
    _mutex_acquire                            - Undefined Weak Reference
    _mutex_release                            - Undefined Weak Reference
    _printf_post_padding                      - Undefined Weak Reference
    _printf_pre_padding                       - Undefined Weak Reference
    _rand_init                                - Undefined Weak Reference
    _signal_finish                            - Undefined Weak Reference
    _signal_init                              - Undefined Weak Reference
    _terminate_alloc                          - Undefined Weak Reference
    _terminate_user_alloc                     - Undefined Weak Reference
    _terminateio                              - Undefined Weak Reference
    __Vectors_Size                           0x00000130   Number         0  startup_stm32f10x_hd.o ABSOLUTE
    __Vectors                                0x08000000   Data           4  startup_stm32f10x_hd.o(RESET)
    __Vectors_End                            0x08000130   Data           0  startup_stm32f10x_hd.o(RESET)
    __main                                   0x08000131   Thumb Code     8  __main.o(!!!main)
    __scatterload                            0x08000139   Thumb Code     0  __scatter.o(!!!scatter)
    __scatterload_rt2                        0x08000139   Thumb Code    44  __scatter.o(!!!scatter)
    __scatterload_rt2_thumb_only             0x08000139   Thumb Code     0  __scatter.o(!!!scatter)
    __scatterload_null                       0x08000147   Thumb Code     0  __scatter.o(!!!scatter)
    __scatterload_copy                       0x0800016d   Thumb Code    26  __scatter_copy.o(!!handler_copy)
    __scatterload_zeroinit                   0x08000189   Thumb Code    28  __scatter_zi.o(!!handler_zi)
    _printf_f                                0x080001a5   Thumb Code     0  _printf_f.o(.ARM.Collect$$_printf_percent$$00000003)
    _printf_percent                          0x080001a5   Thumb Code     0  _printf_percent.o(.ARM.Collect$$_printf_percent$$00000000)
    _printf_percent_end                      0x080001ab   Thumb Code     0  _printf_percent_end.o(.ARM.Collect$$_printf_percent$$00000017)
    __rt_lib_init                            0x080001af   Thumb Code     0  libinit.o(.ARM.Collect$$libinit$$00000000)
    __rt_lib_init_fp_1                       0x080001b1   Thumb Code     0  libinit2.o(.ARM.Collect$$libinit$$00000002)
    __rt_lib_init_heap_1                     0x080001b1   Thumb Code     0  libinit2.o(.ARM.Collect$$libinit$$00000008)
    __rt_lib_init_lc_common                  0x080001b1   Thumb Code     0  libinit2.o(.ARM.Collect$$libinit$$0000000D)
    __rt_lib_init_rand_1                     0x080001b1   Thumb Code     0  libinit2.o(.ARM.Collect$$libinit$$0000000C)
    __rt_lib_init_user_alloc_1               0x080001b1   Thumb Code     0  libinit2.o(.ARM.Collect$$libinit$$0000000A)
    __rt_lib_init_lc_collate_1               0x080001b7   Thumb Code     0  libinit2.o(.ARM.Collect$$libinit$$0000000F)
    __rt_lib_init_lc_ctype_1                 0x080001b7   Thumb Code     0  libinit2.o(.ARM.Collect$$libinit$$00000011)
    __rt_lib_init_lc_monetary_1              0x080001b7   Thumb Code     0  libinit2.o(.ARM.Collect$$libinit$$00000013)
    __rt_lib_init_lc_numeric_2               0x080001b7   Thumb Code     0  libinit2.o(.ARM.Collect$$libinit$$00000014)
    __rt_lib_init_alloca_1                   0x080001c1   Thumb Code     0  libinit2.o(.ARM.Collect$$libinit$$0000002C)
    __rt_lib_init_argv_1                     0x080001c1   Thumb Code     0  libinit2.o(.ARM.Collect$$libinit$$0000002A)
    __rt_lib_init_atexit_1                   0x080001c1   Thumb Code     0  libinit2.o(.ARM.Collect$$libinit$$00000019)
    __rt_lib_init_clock_1                    0x080001c1   Thumb Code     0  libinit2.o(.ARM.Collect$$libinit$$0000001F)
    __rt_lib_init_cpp_1                      0x080001c1   Thumb Code     0  libinit2.o(.ARM.Collect$$libinit$$00000030)
    __rt_lib_init_exceptions_1               0x080001c1   Thumb Code     0  libinit2.o(.ARM.Collect$$libinit$$0000002E)
    __rt_lib_init_fp_trap_1                  0x080001c1   Thumb Code     0  libinit2.o(.ARM.Collect$$libinit$$0000001D)
    __rt_lib_init_getenv_1                   0x080001c1   Thumb Code     0  libinit2.o(.ARM.Collect$$libinit$$00000021)
    __rt_lib_init_lc_numeric_1               0x080001c1   Thumb Code     0  libinit2.o(.ARM.Collect$$libinit$$00000015)
    __rt_lib_init_lc_time_1                  0x080001c1   Thumb Code     0  libinit2.o(.ARM.Collect$$libinit$$00000017)
    __rt_lib_init_return                     0x080001c1   Thumb Code     0  libinit2.o(.ARM.Collect$$libinit$$00000031)
    __rt_lib_init_signal_1                   0x080001c1   Thumb Code     0  libinit2.o(.ARM.Collect$$libinit$$0000001B)
    __rt_lib_init_stdio_1                    0x080001c1   Thumb Code     0  libinit2.o(.ARM.Collect$$libinit$$00000023)
    __rt_lib_shutdown                        0x080001c3   Thumb Code     0  libshutdown.o(.ARM.Collect$$libshutdown$$00000000)
    __rt_lib_shutdown_fp_trap_1              0x080001c5   Thumb Code     0  libshutdown2.o(.ARM.Collect$$libshutdown$$00000006)
    __rt_lib_shutdown_heap_1                 0x080001c5   Thumb Code     0  libshutdown2.o(.ARM.Collect$$libshutdown$$0000000E)
    __rt_lib_shutdown_return                 0x080001c5   Thumb Code     0  libshutdown2.o(.ARM.Collect$$libshutdown$$0000000F)
    __rt_lib_shutdown_signal_1               0x080001c5   Thumb Code     0  libshutdown2.o(.ARM.Collect$$libshutdown$$00000009)
    __rt_lib_shutdown_stdio_1                0x080001c5   Thumb Code     0  libshutdown2.o(.ARM.Collect$$libshutdown$$00000003)
    __rt_lib_shutdown_user_alloc_1           0x080001c5   Thumb Code     0  libshutdown2.o(.ARM.Collect$$libshutdown$$0000000B)
    __rt_entry                               0x080001c7   Thumb Code     0  rtentry.o(.ARM.Collect$$rtentry$$00000000)
    __rt_entry_presh_1                       0x080001c7   Thumb Code     0  rtentry2.o(.ARM.Collect$$rtentry$$00000002)
    __rt_entry_sh                            0x080001c7   Thumb Code     0  rtentry4.o(.ARM.Collect$$rtentry$$00000004)
    __rt_entry_li                            0x080001cd   Thumb Code     0  rtentry2.o(.ARM.Collect$$rtentry$$0000000A)
    __rt_entry_postsh_1                      0x080001cd   Thumb Code     0  rtentry2.o(.ARM.Collect$$rtentry$$00000009)
    __rt_entry_main                          0x080001d1   Thumb Code     0  rtentry2.o(.ARM.Collect$$rtentry$$0000000D)
    __rt_entry_postli_1                      0x080001d1   Thumb Code     0  rtentry2.o(.ARM.Collect$$rtentry$$0000000C)
    __rt_exit                                0x080001d9   Thumb Code     0  rtexit.o(.ARM.Collect$$rtexit$$00000000)
    __rt_exit_ls                             0x080001db   Thumb Code     0  rtexit2.o(.ARM.Collect$$rtexit$$00000003)
    __rt_exit_prels_1                        0x080001db   Thumb Code     0  rtexit2.o(.ARM.Collect$$rtexit$$00000002)
    __rt_exit_exit                           0x080001df   Thumb Code     0  rtexit2.o(.ARM.Collect$$rtexit$$00000004)
    WFI_SET                                  0x080001e5   Thumb Code     2  sys.o(.emb_text)
    TIM2_Configuration                       0x080001e9   Thumb Code    72  main.o(.text)
    NVIC_Configuration                       0x08000231   Thumb Code    78  main.o(.text)
    Kalman_Filter                            0x0800027f   Thumb Code   508  main.o(.text)
    Angle_Calculate                          0x0800047b   Thumb Code   196  main.o(.text)
    main                                     0x0800053f   Thumb Code    84  main.o(.text)
    TIM2_IRQHandler                          0x08000593   Thumb Code    26  main.o(.text)
    NMI_Handler                              0x0800061d   Thumb Code     2  stm32f10x_it.o(.text)
    HardFault_Handler                        0x0800061f   Thumb Code     4  stm32f10x_it.o(.text)
    MemManage_Handler                        0x08000623   Thumb Code     4  stm32f10x_it.o(.text)
    BusFault_Handler                         0x08000627   Thumb Code     4  stm32f10x_it.o(.text)
    UsageFault_Handler                       0x0800062b   Thumb Code     4  stm32f10x_it.o(.text)
    SVC_Handler                              0x0800062f   Thumb Code     2  stm32f10x_it.o(.text)
    DebugMon_Handler                         0x08000631   Thumb Code     2  stm32f10x_it.o(.text)
    PendSV_Handler                           0x08000633   Thumb Code     2  stm32f10x_it.o(.text)
    SysTick_Handler                          0x08000635   Thumb Code     2  stm32f10x_it.o(.text)
    SystemInit                               0x08000715   Thumb Code    78  system_stm32f10x.o(.text)
    SystemCoreClockUpdate                    0x08000763   Thumb Code   142  system_stm32f10x.o(.text)
    delay_init                               0x08000815   Thumb Code    54  delay.o(.text)
    delay_us                                 0x0800084b   Thumb Code    54  delay.o(.text)
    delay_ms                                 0x08000881   Thumb Code    54  delay.o(.text)
    MYRCC_DeInit                             0x080008c1   Thumb Code    78  sys.o(.text)
    Sys_Standby                              0x0800090f   Thumb Code    64  sys.o(.text)
    Sys_Soft_Reset                           0x0800094f   Thumb Code    10  sys.o(.text)
    JTAG_Set                                 0x08000959   Thumb Code    38  sys.o(.text)
    Stm32_Clock_Init                         0x0800097f   Thumb Code   130  sys.o(.text)
    Usart_Configuration                      0x08000a21   Thumb Code   158  usart.o(.text)
    _sys_exit                                0x08000abf   Thumb Code     6  usart.o(.text)
    fputc                                    0x08000ac5   Thumb Code    22  usart.o(.text)
    USART1_Putc                              0x08000adb   Thumb Code    20  usart.o(.text)
    USART1_Send_Enter                        0x08000aef   Thumb Code    16  usart.o(.text)
    USART1_Puts                              0x08000aff   Thumb Code    32  usart.o(.text)
    USART1_IRQHandler                        0x08000b1f   Thumb Code    34  usart.o(.text)
    I2C_Congiguration                        0x08000b4d   Thumb Code   112  mpu6050.o(.text)
    I2C_WaitEepromStandbyState               0x08000bbd   Thumb Code    68  mpu6050.o(.text)
    I2C_WriteByte                            0x08000c01   Thumb Code   130  mpu6050.o(.text)
    MPU6050_Init                             0x08000c83   Thumb Code    82  mpu6050.o(.text)
    I2C_ReadByte                             0x08000cd5   Thumb Code   194  mpu6050.o(.text)
    I2C_ReadBuffer                           0x08000d97   Thumb Code   212  mpu6050.o(.text)
    GPIO_DeInit                              0x08000e85   Thumb Code   172  stm32f10x_gpio.o(.text)
    GPIO_AFIODeInit                          0x08000f31   Thumb Code    20  stm32f10x_gpio.o(.text)
    GPIO_Init                                0x08000f45   Thumb Code   274  stm32f10x_gpio.o(.text)
    GPIO_StructInit                          0x08001057   Thumb Code    16  stm32f10x_gpio.o(.text)
    GPIO_ReadInputDataBit                    0x08001067   Thumb Code    18  stm32f10x_gpio.o(.text)
    GPIO_ReadInputData                       0x08001079   Thumb Code     8  stm32f10x_gpio.o(.text)
    GPIO_ReadOutputDataBit                   0x08001081   Thumb Code    18  stm32f10x_gpio.o(.text)
    GPIO_ReadOutputData                      0x08001093   Thumb Code     8  stm32f10x_gpio.o(.text)
    GPIO_SetBits                             0x0800109b   Thumb Code     4  stm32f10x_gpio.o(.text)
    GPIO_ResetBits                           0x0800109f   Thumb Code     4  stm32f10x_gpio.o(.text)
    GPIO_WriteBit                            0x080010a3   Thumb Code    10  stm32f10x_gpio.o(.text)
    GPIO_Write                               0x080010ad   Thumb Code     4  stm32f10x_gpio.o(.text)
    GPIO_PinLockConfig                       0x080010b1   Thumb Code    18  stm32f10x_gpio.o(.text)
    GPIO_EventOutputConfig                   0x080010c3   Thumb Code    26  stm32f10x_gpio.o(.text)
    GPIO_EventOutputCmd                      0x080010dd   Thumb Code     6  stm32f10x_gpio.o(.text)
    GPIO_PinRemapConfig                      0x080010e3   Thumb Code   138  stm32f10x_gpio.o(.text)
    GPIO_EXTILineConfig                      0x0800116d   Thumb Code    66  stm32f10x_gpio.o(.text)
    GPIO_ETH_MediaInterfaceConfig            0x080011af   Thumb Code     6  stm32f10x_gpio.o(.text)
    RCC_DeInit                               0x080011dd   Thumb Code    64  stm32f10x_rcc.o(.text)
    RCC_HSEConfig                            0x0800121d   Thumb Code    70  stm32f10x_rcc.o(.text)
    RCC_GetFlagStatus                        0x08001263   Thumb Code    56  stm32f10x_rcc.o(.text)
    RCC_WaitForHSEStartUp                    0x0800129b   Thumb Code    56  stm32f10x_rcc.o(.text)
    RCC_AdjustHSICalibrationValue            0x080012d3   Thumb Code    20  stm32f10x_rcc.o(.text)
    RCC_HSICmd                               0x080012e7   Thumb Code     6  stm32f10x_rcc.o(.text)
    RCC_PLLConfig                            0x080012ed   Thumb Code    24  stm32f10x_rcc.o(.text)
    RCC_PLLCmd                               0x08001305   Thumb Code     6  stm32f10x_rcc.o(.text)
    RCC_SYSCLKConfig                         0x0800130b   Thumb Code    18  stm32f10x_rcc.o(.text)
    RCC_GetSYSCLKSource                      0x0800131d   Thumb Code    10  stm32f10x_rcc.o(.text)
    RCC_HCLKConfig                           0x08001327   Thumb Code    18  stm32f10x_rcc.o(.text)
    RCC_PCLK1Config                          0x08001339   Thumb Code    18  stm32f10x_rcc.o(.text)
    RCC_PCLK2Config                          0x0800134b   Thumb Code    20  stm32f10x_rcc.o(.text)
    RCC_ITConfig                             0x0800135f   Thumb Code    26  stm32f10x_rcc.o(.text)
    RCC_USBCLKConfig                         0x08001379   Thumb Code     6  stm32f10x_rcc.o(.text)
    RCC_ADCCLKConfig                         0x0800137f   Thumb Code    18  stm32f10x_rcc.o(.text)
    RCC_LSEConfig                            0x08001391   Thumb Code    44  stm32f10x_rcc.o(.text)
    RCC_LSICmd                               0x080013bd   Thumb Code     6  stm32f10x_rcc.o(.text)
    RCC_RTCCLKConfig                         0x080013c3   Thumb Code    12  stm32f10x_rcc.o(.text)
    RCC_RTCCLKCmd                            0x080013cf   Thumb Code     8  stm32f10x_rcc.o(.text)
    RCC_GetClocksFreq                        0x080013d7   Thumb Code   192  stm32f10x_rcc.o(.text)
    RCC_AHBPeriphClockCmd                    0x08001497   Thumb Code    26  stm32f10x_rcc.o(.text)
    RCC_APB2PeriphClockCmd                   0x080014b1   Thumb Code    26  stm32f10x_rcc.o(.text)
    RCC_APB1PeriphClockCmd                   0x080014cb   Thumb Code    26  stm32f10x_rcc.o(.text)
    RCC_APB2PeriphResetCmd                   0x080014e5   Thumb Code    26  stm32f10x_rcc.o(.text)
    RCC_APB1PeriphResetCmd                   0x080014ff   Thumb Code    26  stm32f10x_rcc.o(.text)
    RCC_BackupResetCmd                       0x08001519   Thumb Code     8  stm32f10x_rcc.o(.text)
    RCC_ClockSecuritySystemCmd               0x08001521   Thumb Code     6  stm32f10x_rcc.o(.text)
    RCC_MCOConfig                            0x08001527   Thumb Code     6  stm32f10x_rcc.o(.text)
    RCC_ClearFlag                            0x0800152d   Thumb Code    14  stm32f10x_rcc.o(.text)
    RCC_GetITStatus                          0x0800153b   Thumb Code    20  stm32f10x_rcc.o(.text)
    RCC_ClearITPendingBit                    0x0800154f   Thumb Code     6  stm32f10x_rcc.o(.text)
    NVIC_PriorityGroupConfig                 0x08001581   Thumb Code    10  misc.o(.text)
    NVIC_Init                                0x0800158b   Thumb Code   102  misc.o(.text)
    NVIC_SetVectorTable                      0x080015f1   Thumb Code    14  misc.o(.text)
    NVIC_SystemLPConfig                      0x080015ff   Thumb Code    34  misc.o(.text)
    SysTick_CLKSourceConfig                  0x08001621   Thumb Code    40  misc.o(.text)
    TIM_DeInit                               0x0800165d   Thumb Code   424  stm32f10x_tim.o(.text)
    TIM_TimeBaseInit                         0x08001805   Thumb Code   122  stm32f10x_tim.o(.text)
    TIM_OC1Init                              0x0800187f   Thumb Code   132  stm32f10x_tim.o(.text)
    TIM_OC2Init                              0x08001903   Thumb Code   154  stm32f10x_tim.o(.text)
    TIM_OC3Init                              0x0800199d   Thumb Code   150  stm32f10x_tim.o(.text)
    TIM_OC4Init                              0x08001a33   Thumb Code   182  stm32f10x_tim.o(.text)
    TIM_SetIC4Prescaler                      0x08001ae9   Thumb Code    26  stm32f10x_tim.o(.text)
    TIM_SetIC3Prescaler                      0x08001b85   Thumb Code    18  stm32f10x_tim.o(.text)
    TIM_SetIC2Prescaler                      0x08001c11   Thumb Code    26  stm32f10x_tim.o(.text)
    TIM_SetIC1Prescaler                      0x08001cad   Thumb Code    18  stm32f10x_tim.o(.text)
    TIM_ICInit                               0x08001d2b   Thumb Code   150  stm32f10x_tim.o(.text)
    TIM_PWMIConfig                           0x08001dc1   Thumb Code   124  stm32f10x_tim.o(.text)
    TIM_BDTRConfig                           0x08001e3d   Thumb Code    32  stm32f10x_tim.o(.text)
    TIM_TimeBaseStructInit                   0x08001e5d   Thumb Code    18  stm32f10x_tim.o(.text)
    TIM_OCStructInit                         0x08001e6f   Thumb Code    20  stm32f10x_tim.o(.text)
    TIM_ICStructInit                         0x08001e83   Thumb Code    18  stm32f10x_tim.o(.text)
    TIM_BDTRStructInit                       0x08001e95   Thumb Code    40  stm32f10x_tim.o(.text)
    TIM_Cmd                                  0x08001ebd   Thumb Code    24  stm32f10x_tim.o(.text)
    TIM_CtrlPWMOutputs                       0x08001ed5   Thumb Code    30  stm32f10x_tim.o(.text)
    TIM_ITConfig                             0x08001ef3   Thumb Code    18  stm32f10x_tim.o(.text)
    TIM_GenerateEvent                        0x08001f05   Thumb Code     4  stm32f10x_tim.o(.text)
    TIM_DMAConfig                            0x08001f09   Thumb Code    10  stm32f10x_tim.o(.text)
    TIM_DMACmd                               0x08001f13   Thumb Code    18  stm32f10x_tim.o(.text)
    TIM_InternalClockConfig                  0x08001f25   Thumb Code    12  stm32f10x_tim.o(.text)
    TIM_SelectInputTrigger                   0x08001f31   Thumb Code    18  stm32f10x_tim.o(.text)
    TIM_ITRxExternalClockConfig              0x08001f43   Thumb Code    24  stm32f10x_tim.o(.text)
    TIM_TIxExternalClockConfig               0x08001f5b   Thumb Code    62  stm32f10x_tim.o(.text)
    TIM_ETRConfig                            0x08001f99   Thumb Code    28  stm32f10x_tim.o(.text)
    TIM_ETRClockMode1Config                  0x08001fb5   Thumb Code    54  stm32f10x_tim.o(.text)
    TIM_ETRClockMode2Config                  0x08001feb   Thumb Code    32  stm32f10x_tim.o(.text)
    TIM_PrescalerConfig                      0x0800200b   Thumb Code     6  stm32f10x_tim.o(.text)
    TIM_CounterModeConfig                    0x08002011   Thumb Code    18  stm32f10x_tim.o(.text)
    TIM_EncoderInterfaceConfig               0x08002023   Thumb Code    66  stm32f10x_tim.o(.text)
    TIM_ForcedOC1Config                      0x08002065   Thumb Code    18  stm32f10x_tim.o(.text)
    TIM_ForcedOC2Config                      0x08002077   Thumb Code    26  stm32f10x_tim.o(.text)
    TIM_ForcedOC3Config                      0x08002091   Thumb Code    18  stm32f10x_tim.o(.text)
    TIM_ForcedOC4Config                      0x080020a3   Thumb Code    26  stm32f10x_tim.o(.text)
    TIM_ARRPreloadConfig                     0x080020bd   Thumb Code    24  stm32f10x_tim.o(.text)
    TIM_SelectCOM                            0x080020d5   Thumb Code    24  stm32f10x_tim.o(.text)
    TIM_SelectCCDMA                          0x080020ed   Thumb Code    24  stm32f10x_tim.o(.text)
    TIM_CCPreloadControl                     0x08002105   Thumb Code    24  stm32f10x_tim.o(.text)
    TIM_OC1PreloadConfig                     0x0800211d   Thumb Code    18  stm32f10x_tim.o(.text)
    TIM_OC2PreloadConfig                     0x0800212f   Thumb Code    26  stm32f10x_tim.o(.text)
    TIM_OC3PreloadConfig                     0x08002149   Thumb Code    18  stm32f10x_tim.o(.text)
    TIM_OC4PreloadConfig                     0x0800215b   Thumb Code    26  stm32f10x_tim.o(.text)
    TIM_OC1FastConfig                        0x08002175   Thumb Code    18  stm32f10x_tim.o(.text)
    TIM_OC2FastConfig                        0x08002187   Thumb Code    26  stm32f10x_tim.o(.text)
    TIM_OC3FastConfig                        0x080021a1   Thumb Code    18  stm32f10x_tim.o(.text)
    TIM_OC4FastConfig                        0x080021b3   Thumb Code    26  stm32f10x_tim.o(.text)
    TIM_ClearOC1Ref                          0x080021cd   Thumb Code    18  stm32f10x_tim.o(.text)
    TIM_ClearOC2Ref                          0x080021df   Thumb Code    24  stm32f10x_tim.o(.text)
    TIM_ClearOC3Ref                          0x080021f7   Thumb Code    18  stm32f10x_tim.o(.text)
    TIM_ClearOC4Ref                          0x08002209   Thumb Code    24  stm32f10x_tim.o(.text)
    TIM_OC1PolarityConfig                    0x08002221   Thumb Code    18  stm32f10x_tim.o(.text)
    TIM_OC1NPolarityConfig                   0x08002233   Thumb Code    18  stm32f10x_tim.o(.text)
    TIM_OC2PolarityConfig                    0x08002245   Thumb Code    26  stm32f10x_tim.o(.text)
    TIM_OC2NPolarityConfig                   0x0800225f   Thumb Code    26  stm32f10x_tim.o(.text)
    TIM_OC3PolarityConfig                    0x08002279   Thumb Code    26  stm32f10x_tim.o(.text)
    TIM_OC3NPolarityConfig                   0x08002293   Thumb Code    26  stm32f10x_tim.o(.text)
    TIM_OC4PolarityConfig                    0x080022ad   Thumb Code    26  stm32f10x_tim.o(.text)
    TIM_CCxCmd                               0x080022c7   Thumb Code    30  stm32f10x_tim.o(.text)
    TIM_CCxNCmd                              0x080022e5   Thumb Code    30  stm32f10x_tim.o(.text)
    TIM_SelectOCxM                           0x08002303   Thumb Code    82  stm32f10x_tim.o(.text)
    TIM_UpdateDisableConfig                  0x08002355   Thumb Code    24  stm32f10x_tim.o(.text)
    TIM_UpdateRequestConfig                  0x0800236d   Thumb Code    24  stm32f10x_tim.o(.text)
    TIM_SelectHallSensor                     0x08002385   Thumb Code    24  stm32f10x_tim.o(.text)
    TIM_SelectOnePulseMode                   0x0800239d   Thumb Code    18  stm32f10x_tim.o(.text)
    TIM_SelectOutputTrigger                  0x080023af   Thumb Code    18  stm32f10x_tim.o(.text)
    TIM_SelectSlaveMode                      0x080023c1   Thumb Code    18  stm32f10x_tim.o(.text)
    TIM_SelectMasterSlaveMode                0x080023d3   Thumb Code    18  stm32f10x_tim.o(.text)
    TIM_SetCounter                           0x080023e5   Thumb Code     4  stm32f10x_tim.o(.text)
    TIM_SetAutoreload                        0x080023e9   Thumb Code     4  stm32f10x_tim.o(.text)
    TIM_SetCompare1                          0x080023ed   Thumb Code     4  stm32f10x_tim.o(.text)
    TIM_SetCompare2                          0x080023f1   Thumb Code     4  stm32f10x_tim.o(.text)
    TIM_SetCompare3                          0x080023f5   Thumb Code     4  stm32f10x_tim.o(.text)
    TIM_SetCompare4                          0x080023f9   Thumb Code     6  stm32f10x_tim.o(.text)
    TIM_SetClockDivision                     0x080023ff   Thumb Code    18  stm32f10x_tim.o(.text)
    TIM_GetCapture1                          0x08002411   Thumb Code     6  stm32f10x_tim.o(.text)
    TIM_GetCapture2                          0x08002417   Thumb Code     6  stm32f10x_tim.o(.text)
    TIM_GetCapture3                          0x0800241d   Thumb Code     6  stm32f10x_tim.o(.text)
    TIM_GetCapture4                          0x08002423   Thumb Code     8  stm32f10x_tim.o(.text)
    TIM_GetCounter                           0x0800242b   Thumb Code     6  stm32f10x_tim.o(.text)
    TIM_GetPrescaler                         0x08002431   Thumb Code     6  stm32f10x_tim.o(.text)
    TIM_GetFlagStatus                        0x08002437   Thumb Code    18  stm32f10x_tim.o(.text)
    TIM_ClearFlag                            0x08002449   Thumb Code     6  stm32f10x_tim.o(.text)
    TIM_GetITStatus                          0x0800244f   Thumb Code    34  stm32f10x_tim.o(.text)
    TIM_ClearITPendingBit                    0x08002471   Thumb Code     6  stm32f10x_tim.o(.text)
    USART_DeInit                             0x08002479   Thumb Code   134  stm32f10x_usart.o(.text)
    USART_Init                               0x080024ff   Thumb Code   210  stm32f10x_usart.o(.text)
    USART_StructInit                         0x080025d1   Thumb Code    24  stm32f10x_usart.o(.text)
    USART_ClockInit                          0x080025e9   Thumb Code    34  stm32f10x_usart.o(.text)
    USART_ClockStructInit                    0x0800260b   Thumb Code    12  stm32f10x_usart.o(.text)
    USART_Cmd                                0x08002617   Thumb Code    24  stm32f10x_usart.o(.text)
    USART_ITConfig                           0x0800262f   Thumb Code    74  stm32f10x_usart.o(.text)
    USART_DMACmd                             0x08002679   Thumb Code    18  stm32f10x_usart.o(.text)
    USART_SetAddress                         0x0800268b   Thumb Code    18  stm32f10x_usart.o(.text)
    USART_WakeUpConfig                       0x0800269d   Thumb Code    18  stm32f10x_usart.o(.text)
    USART_ReceiverWakeUpCmd                  0x080026af   Thumb Code    24  stm32f10x_usart.o(.text)
    USART_LINBreakDetectLengthConfig         0x080026c7   Thumb Code    18  stm32f10x_usart.o(.text)
    USART_LINCmd                             0x080026d9   Thumb Code    24  stm32f10x_usart.o(.text)
    USART_SendData                           0x080026f1   Thumb Code     8  stm32f10x_usart.o(.text)
    USART_ReceiveData                        0x080026f9   Thumb Code    10  stm32f10x_usart.o(.text)
    USART_SendBreak                          0x08002703   Thumb Code    10  stm32f10x_usart.o(.text)
    USART_SetGuardTime                       0x0800270d   Thumb Code    16  stm32f10x_usart.o(.text)
    USART_SetPrescaler                       0x0800271d   Thumb Code    16  stm32f10x_usart.o(.text)
    USART_SmartCardCmd                       0x0800272d   Thumb Code    24  stm32f10x_usart.o(.text)
    USART_SmartCardNACKCmd                   0x08002745   Thumb Code    24  stm32f10x_usart.o(.text)
    USART_HalfDuplexCmd                      0x0800275d   Thumb Code    24  stm32f10x_usart.o(.text)
    USART_OverSampling8Cmd                   0x08002775   Thumb Code    22  stm32f10x_usart.o(.text)
    USART_OneBitMethodCmd                    0x0800278b   Thumb Code    24  stm32f10x_usart.o(.text)
    USART_IrDAConfig                         0x080027a3   Thumb Code    18  stm32f10x_usart.o(.text)
    USART_IrDACmd                            0x080027b5   Thumb Code    24  stm32f10x_usart.o(.text)
    USART_GetFlagStatus                      0x080027cd   Thumb Code    26  stm32f10x_usart.o(.text)
    USART_ClearFlag                          0x080027e7   Thumb Code    18  stm32f10x_usart.o(.text)
    USART_GetITStatus                        0x080027f9   Thumb Code    84  stm32f10x_usart.o(.text)
    USART_ClearITPendingBit                  0x0800284d   Thumb Code    52  stm32f10x_usart.o(.text)
    I2C_DeInit                               0x08002881   Thumb Code    50  stm32f10x_i2c.o(.text)
    I2C_Init                                 0x080028b3   Thumb Code   222  stm32f10x_i2c.o(.text)
    I2C_StructInit                           0x08002991   Thumb Code    30  stm32f10x_i2c.o(.text)
    I2C_Cmd                                  0x080029af   Thumb Code    24  stm32f10x_i2c.o(.text)
    I2C_DMACmd                               0x080029c7   Thumb Code    24  stm32f10x_i2c.o(.text)
    I2C_DMALastTransferCmd                   0x080029df   Thumb Code    24  stm32f10x_i2c.o(.text)
    I2C_GenerateSTART                        0x080029f7   Thumb Code    24  stm32f10x_i2c.o(.text)
    I2C_GenerateSTOP                         0x08002a0f   Thumb Code    24  stm32f10x_i2c.o(.text)
    I2C_AcknowledgeConfig                    0x08002a27   Thumb Code    24  stm32f10x_i2c.o(.text)
    I2C_OwnAddress2Config                    0x08002a3f   Thumb Code    22  stm32f10x_i2c.o(.text)
    I2C_DualAddressCmd                       0x08002a55   Thumb Code    24  stm32f10x_i2c.o(.text)
    I2C_GeneralCallCmd                       0x08002a6d   Thumb Code    24  stm32f10x_i2c.o(.text)
    I2C_ITConfig                             0x08002a85   Thumb Code    18  stm32f10x_i2c.o(.text)
    I2C_SendData                             0x08002a97   Thumb Code     4  stm32f10x_i2c.o(.text)
    I2C_ReceiveData                          0x08002a9b   Thumb Code     8  stm32f10x_i2c.o(.text)
    I2C_Send7bitAddress                      0x08002aa3   Thumb Code    18  stm32f10x_i2c.o(.text)
    I2C_ReadRegister                         0x08002ab5   Thumb Code    22  stm32f10x_i2c.o(.text)
    I2C_SoftwareResetCmd                     0x08002acb   Thumb Code    22  stm32f10x_i2c.o(.text)
    I2C_NACKPositionConfig                   0x08002ae1   Thumb Code    28  stm32f10x_i2c.o(.text)
    I2C_SMBusAlertConfig                     0x08002afd   Thumb Code    28  stm32f10x_i2c.o(.text)
    I2C_TransmitPEC                          0x08002b19   Thumb Code    24  stm32f10x_i2c.o(.text)
    I2C_PECPositionConfig                    0x08002b31   Thumb Code    28  stm32f10x_i2c.o(.text)
    I2C_CalculatePEC                         0x08002b4d   Thumb Code    24  stm32f10x_i2c.o(.text)
    I2C_GetPEC                               0x08002b65   Thumb Code     8  stm32f10x_i2c.o(.text)
    I2C_ARPCmd                               0x08002b6d   Thumb Code    24  stm32f10x_i2c.o(.text)
    I2C_StretchClockCmd                      0x08002b85   Thumb Code    24  stm32f10x_i2c.o(.text)
    I2C_FastModeDutyCycleConfig              0x08002b9d   Thumb Code    28  stm32f10x_i2c.o(.text)
    I2C_CheckEvent                           0x08002bb9   Thumb Code    42  stm32f10x_i2c.o(.text)
    I2C_GetLastEvent                         0x08002be3   Thumb Code    26  stm32f10x_i2c.o(.text)
    I2C_GetFlagStatus                        0x08002bfd   Thumb Code    58  stm32f10x_i2c.o(.text)
    I2C_ClearFlag                            0x08002c37   Thumb Code    12  stm32f10x_i2c.o(.text)
    I2C_GetITStatus                          0x08002c43   Thumb Code    54  stm32f10x_i2c.o(.text)
    I2C_ClearITPendingBit                    0x08002c79   Thumb Code    12  stm32f10x_i2c.o(.text)
    Reset_Handler                            0x08002c85   Thumb Code     8  startup_stm32f10x_hd.o(.text)
    ADC1_2_IRQHandler                        0x08002c9f   Thumb Code     0  startup_stm32f10x_hd.o(.text)
    ADC3_IRQHandler                          0x08002c9f   Thumb Code     0  startup_stm32f10x_hd.o(.text)
    CAN1_RX1_IRQHandler                      0x08002c9f   Thumb Code     0  startup_stm32f10x_hd.o(.text)
    CAN1_SCE_IRQHandler                      0x08002c9f   Thumb Code     0  startup_stm32f10x_hd.o(.text)
    DMA1_Channel1_IRQHandler                 0x08002c9f   Thumb Code     0  startup_stm32f10x_hd.o(.text)
    DMA1_Channel2_IRQHandler                 0x08002c9f   Thumb Code     0  startup_stm32f10x_hd.o(.text)
    DMA1_Channel3_IRQHandler                 0x08002c9f   Thumb Code     0  startup_stm32f10x_hd.o(.text)
    DMA1_Channel4_IRQHandler                 0x08002c9f   Thumb Code     0  startup_stm32f10x_hd.o(.text)
    DMA1_Channel5_IRQHandler                 0x08002c9f   Thumb Code     0  startup_stm32f10x_hd.o(.text)
    DMA1_Channel6_IRQHandler                 0x08002c9f   Thumb Code     0  startup_stm32f10x_hd.o(.text)
    DMA1_Channel7_IRQHandler                 0x08002c9f   Thumb Code     0  startup_stm32f10x_hd.o(.text)
    DMA2_Channel1_IRQHandler                 0x08002c9f   Thumb Code     0  startup_stm32f10x_hd.o(.text)
    DMA2_Channel2_IRQHandler                 0x08002c9f   Thumb Code     0  startup_stm32f10x_hd.o(.text)
    DMA2_Channel3_IRQHandler                 0x08002c9f   Thumb Code     0  startup_stm32f10x_hd.o(.text)
    DMA2_Channel4_5_IRQHandler               0x08002c9f   Thumb Code     0  startup_stm32f10x_hd.o(.text)
    EXTI0_IRQHandler                         0x08002c9f   Thumb Code     0  startup_stm32f10x_hd.o(.text)
    EXTI15_10_IRQHandler                     0x08002c9f   Thumb Code     0  startup_stm32f10x_hd.o(.text)
    EXTI1_IRQHandler                         0x08002c9f   Thumb Code     0  startup_stm32f10x_hd.o(.text)
    EXTI2_IRQHandler                         0x08002c9f   Thumb Code     0  startup_stm32f10x_hd.o(.text)
    EXTI3_IRQHandler                         0x08002c9f   Thumb Code     0  startup_stm32f10x_hd.o(.text)
    EXTI4_IRQHandler                         0x08002c9f   Thumb Code     0  startup_stm32f10x_hd.o(.text)
    EXTI9_5_IRQHandler                       0x08002c9f   Thumb Code     0  startup_stm32f10x_hd.o(.text)
    FLASH_IRQHandler                         0x08002c9f   Thumb Code     0  startup_stm32f10x_hd.o(.text)
    FSMC_IRQHandler                          0x08002c9f   Thumb Code     0  startup_stm32f10x_hd.o(.text)
    I2C1_ER_IRQHandler                       0x08002c9f   Thumb Code     0  startup_stm32f10x_hd.o(.text)
    I2C1_EV_IRQHandler                       0x08002c9f   Thumb Code     0  startup_stm32f10x_hd.o(.text)
    I2C2_ER_IRQHandler                       0x08002c9f   Thumb Code     0  startup_stm32f10x_hd.o(.text)
    I2C2_EV_IRQHandler                       0x08002c9f   Thumb Code     0  startup_stm32f10x_hd.o(.text)
    PVD_IRQHandler                           0x08002c9f   Thumb Code     0  startup_stm32f10x_hd.o(.text)
    RCC_IRQHandler                           0x08002c9f   Thumb Code     0  startup_stm32f10x_hd.o(.text)
    RTCAlarm_IRQHandler                      0x08002c9f   Thumb Code     0  startup_stm32f10x_hd.o(.text)
    RTC_IRQHandler                           0x08002c9f   Thumb Code     0  startup_stm32f10x_hd.o(.text)
    SDIO_IRQHandler                          0x08002c9f   Thumb Code     0  startup_stm32f10x_hd.o(.text)
    SPI1_IRQHandler                          0x08002c9f   Thumb Code     0  startup_stm32f10x_hd.o(.text)
    SPI2_IRQHandler                          0x08002c9f   Thumb Code     0  startup_stm32f10x_hd.o(.text)
    SPI3_IRQHandler                          0x08002c9f   Thumb Code     0  startup_stm32f10x_hd.o(.text)
    TAMPER_IRQHandler                        0x08002c9f   Thumb Code     0  startup_stm32f10x_hd.o(.text)
    TIM1_BRK_IRQHandler                      0x08002c9f   Thumb Code     0  startup_stm32f10x_hd.o(.text)
    TIM1_CC_IRQHandler                       0x08002c9f   Thumb Code     0  startup_stm32f10x_hd.o(.text)
    TIM1_TRG_COM_IRQHandler                  0x08002c9f   Thumb Code     0  startup_stm32f10x_hd.o(.text)
    TIM1_UP_IRQHandler                       0x08002c9f   Thumb Code     0  startup_stm32f10x_hd.o(.text)
    TIM3_IRQHandler                          0x08002c9f   Thumb Code     0  startup_stm32f10x_hd.o(.text)
    TIM4_IRQHandler                          0x08002c9f   Thumb Code     0  startup_stm32f10x_hd.o(.text)
    TIM5_IRQHandler                          0x08002c9f   Thumb Code     0  startup_stm32f10x_hd.o(.text)
    TIM6_IRQHandler                          0x08002c9f   Thumb Code     0  startup_stm32f10x_hd.o(.text)
    TIM7_IRQHandler                          0x08002c9f   Thumb Code     0  startup_stm32f10x_hd.o(.text)
    TIM8_BRK_IRQHandler                      0x08002c9f   Thumb Code     0  startup_stm32f10x_hd.o(.text)
    TIM8_CC_IRQHandler                       0x08002c9f   Thumb Code     0  startup_stm32f10x_hd.o(.text)
    TIM8_TRG_COM_IRQHandler                  0x08002c9f   Thumb Code     0  startup_stm32f10x_hd.o(.text)
    TIM8_UP_IRQHandler                       0x08002c9f   Thumb Code     0  startup_stm32f10x_hd.o(.text)
    UART4_IRQHandler                         0x08002c9f   Thumb Code     0  startup_stm32f10x_hd.o(.text)
    UART5_IRQHandler                         0x08002c9f   Thumb Code     0  startup_stm32f10x_hd.o(.text)
    USART2_IRQHandler                        0x08002c9f   Thumb Code     0  startup_stm32f10x_hd.o(.text)
    USART3_IRQHandler                        0x08002c9f   Thumb Code     0  startup_stm32f10x_hd.o(.text)
    USBWakeUp_IRQHandler                     0x08002c9f   Thumb Code     0  startup_stm32f10x_hd.o(.text)
    USB_HP_CAN1_TX_IRQHandler                0x08002c9f   Thumb Code     0  startup_stm32f10x_hd.o(.text)
    USB_LP_CAN1_RX0_IRQHandler               0x08002c9f   Thumb Code     0  startup_stm32f10x_hd.o(.text)
    WWDG_IRQHandler                          0x08002c9f   Thumb Code     0  startup_stm32f10x_hd.o(.text)
    __user_initial_stackheap                 0x08002ca1   Thumb Code     0  startup_stm32f10x_hd.o(.text)
    __use_no_semihosting                     0x08002cc5   Thumb Code     2  use_no_semi_2.o(.text)
    __2printf                                0x08002cc9   Thumb Code    20  noretval__2printf.o(.text)
    __printf                                 0x08002ce1   Thumb Code   104  __printf.o(.text)
    __use_two_region_memory                  0x08002d49   Thumb Code     2  heapauxi.o(.text)
    __rt_heap_escrow$2region                 0x08002d4b   Thumb Code     2  heapauxi.o(.text)
    __rt_heap_expand$2region                 0x08002d4d   Thumb Code     2  heapauxi.o(.text)
    __I$use$semihosting                      0x08002d4f   Thumb Code     0  use_no_semi.o(.text)
    __use_no_semihosting_swi                 0x08002d4f   Thumb Code     2  use_no_semi.o(.text)
    __lib_sel_fp_printf                      0x08002d51   Thumb Code     2  _printf_fp_dec.o(.text)
    _printf_fp_dec_real                      0x08002efd   Thumb Code   628  _printf_fp_dec.o(.text)
    _printf_char_file                        0x08003171   Thumb Code    32  _printf_char_file.o(.text)
    __rt_locale                              0x08003195   Thumb Code     8  rt_locale_intlibspace.o(.text)
    _ll_udiv10                               0x0800319d   Thumb Code   138  lludiv10.o(.text)
    _printf_char_common                      0x08003233   Thumb Code    32  _printf_char_common.o(.text)
    _printf_fp_infnan                        0x08003259   Thumb Code   112  _printf_fp_infnan.o(.text)
    _btod_etento                             0x080032d9   Thumb Code   222  bigflt0.o(.text)
    ferror                                   0x080033bd   Thumb Code     8  ferror.o(.text)
    __user_libspace                          0x080033c5   Thumb Code     8  libspace.o(.text)
    __user_perproc_libspace                  0x080033c5   Thumb Code     0  libspace.o(.text)
    __user_perthread_libspace                0x080033c5   Thumb Code     0  libspace.o(.text)
    __user_setup_stackheap                   0x080033cd   Thumb Code    74  sys_stackheap_outer.o(.text)
    exit                                     0x08003417   Thumb Code    12  exit.o(.text)
    strcmp                                   0x08003425   Thumb Code   128  strcmpv7m.o(.text)
    _btod_d2e                                0x080034a5   Thumb Code    62  btod.o(CL$$btod_d2e)
    _d2e_denorm_low                          0x080034e3   Thumb Code    70  btod.o(CL$$btod_d2e_denorm_low)
    _d2e_norm_op1                            0x08003529   Thumb Code    96  btod.o(CL$$btod_d2e_norm_op1)
    __btod_div_common                        0x08003589   Thumb Code   696  btod.o(CL$$btod_div_common)
    _e2e                                     0x080038c1   Thumb Code   198  btod.o(CL$$btod_e2e)
    _btod_ediv                               0x08003987   Thumb Code    40  btod.o(CL$$btod_ediv)
    _btod_emul                               0x080039af   Thumb Code    40  btod.o(CL$$btod_emul)
    __btod_mult_common                       0x080039d7   Thumb Code   580  btod.o(CL$$btod_mult_common)
    __ARM_fpclassify                         0x08003c1b   Thumb Code    40  fpclassify.o(i.__ARM_fpclassify)
    _get_lc_numeric                          0x08003c45   Thumb Code    44  lc_numeric_c.o(locale$$code)
    __aeabi_d2f                              0x08003c71   Thumb Code     0  d2f.o(x$fpl$d2f)
    _d2f                                     0x08003c71   Thumb Code    98  d2f.o(x$fpl$d2f)
    __aeabi_ddiv                             0x08003cd5   Thumb Code     0  ddiv.o(x$fpl$ddiv)
    _ddiv                                    0x08003cd5   Thumb Code   552  ddiv.o(x$fpl$ddiv)
    __aeabi_dmul                             0x08003f85   Thumb Code     0  dmul.o(x$fpl$dmul)
    _dmul                                    0x08003f85   Thumb Code   332  dmul.o(x$fpl$dmul)
    __fpl_dnaninf                            0x080040d9   Thumb Code   156  dnaninf.o(x$fpl$dnaninf)
    __fpl_dretinf                            0x08004175   Thumb Code    12  dretinf.o(x$fpl$dretinf)
    __aeabi_f2d                              0x08004181   Thumb Code     0  f2d.o(x$fpl$f2d)
    _f2d                                     0x08004181   Thumb Code    86  f2d.o(x$fpl$f2d)
    __aeabi_fadd                             0x080041d9   Thumb Code     0  faddsub_clz.o(x$fpl$fadd)
    _fadd                                    0x080041d9   Thumb Code   196  faddsub_clz.o(x$fpl$fadd)
    __aeabi_fdiv                             0x0800429d   Thumb Code     0  fdiv.o(x$fpl$fdiv)
    _fdiv                                    0x0800429d   Thumb Code   384  fdiv.o(x$fpl$fdiv)
    __aeabi_i2f                              0x08004421   Thumb Code     0  fflt_clz.o(x$fpl$fflt)
    _fflt                                    0x08004421   Thumb Code    48  fflt_clz.o(x$fpl$fflt)
    __aeabi_fmul                             0x08004451   Thumb Code     0  fmul.o(x$fpl$fmul)
    _fmul                                    0x08004451   Thumb Code   258  fmul.o(x$fpl$fmul)
    __fpl_fnaninf                            0x08004553   Thumb Code   140  fnaninf.o(x$fpl$fnaninf)
    __fpl_fretinf                            0x080045df   Thumb Code    10  fretinf.o(x$fpl$fretinf)
    __aeabi_frsub                            0x080045e9   Thumb Code     0  faddsub_clz.o(x$fpl$frsb)
    _frsb                                    0x080045e9   Thumb Code    20  faddsub_clz.o(x$fpl$frsb)
    __aeabi_fsub                             0x080045fd   Thumb Code     0  faddsub_clz.o(x$fpl$fsub)
    _fsub                                    0x080045fd   Thumb Code   234  faddsub_clz.o(x$fpl$fsub)
    _printf_fp_dec                           0x080046e7   Thumb Code     4  printf1.o(x$fpl$printf1)
    __I$use$fp                               0x080046ea   Number         0  usenofp.o(x$fpl$usenofp)
    Region$$Table$$Base                      0x08004780   Number         0  anon$$obj.o(Region$$Table)
    Region$$Table$$Limit                     0x080047a0   Number         0  anon$$obj.o(Region$$Table)
    Gyro_y                                   0x20000038   Data           4  main.o(.data)
    Angle_gy                                 0x2000003c   Data           4  main.o(.data)
    Accel_x                                  0x20000040   Data           4  main.o(.data)
    Angle_ax                                 0x20000044   Data           4  main.o(.data)
    Angle                                    0x20000048   Data           4  main.o(.data)
    SystemCoreClock                          0x2000004c   Data           4  system_stm32f10x.o(.data)
    AHBPrescTable                            0x20000050   Data          16  system_stm32f10x.o(.data)
    __stdout                                 0x20000064   Data           4  usart.o(.data)
    __libspace_start                         0x2000008c   Data          96  libspace.o(.bss)
    __temporary_stack_top$libspace           0x200000ec   Data           0  libspace.o(.bss)



==============================================================================

Memory Map of the image

  Image Entry point : 0x08000131

  Load Region LR_IROM1 (Base: 0x08000000, Size: 0x00004838, Max: 0x00040000, ABSOLUTE)

    Execution Region ER_IROM1 (Base: 0x08000000, Size: 0x000047bc, Max: 0x00040000, ABSOLUTE)

    Base Addr    Size         Type   Attr      Idx    E Section Name        Object

    0x08000000   0x00000130   Data   RO          302    RESET               startup_stm32f10x_hd.o
    0x08000130   0x00000008   Code   RO          341  * !!!main             c_w.l(__main.o)
    0x08000138   0x00000034   Code   RO          588    !!!scatter          c_w.l(__scatter.o)
    0x0800016c   0x0000001a   Code   RO          590    !!handler_copy      c_w.l(__scatter_copy.o)
    0x08000186   0x00000002   PAD
    0x08000188   0x0000001c   Code   RO          592    !!handler_zi        c_w.l(__scatter_zi.o)
    0x080001a4   0x00000000   Code   RO          338    .ARM.Collect$$_printf_percent$$00000000  c_w.l(_printf_percent.o)
    0x080001a4   0x00000006   Code   RO          337    .ARM.Collect$$_printf_percent$$00000003  c_w.l(_printf_f.o)
    0x080001aa   0x00000004   Code   RO          380    .ARM.Collect$$_printf_percent$$00000017  c_w.l(_printf_percent_end.o)
    0x080001ae   0x00000002   Code   RO          468    .ARM.Collect$$libinit$$00000000  c_w.l(libinit.o)
    0x080001b0   0x00000000   Code   RO          470    .ARM.Collect$$libinit$$00000002  c_w.l(libinit2.o)
    0x080001b0   0x00000000   Code   RO          473    .ARM.Collect$$libinit$$00000008  c_w.l(libinit2.o)
    0x080001b0   0x00000000   Code   RO          475    .ARM.Collect$$libinit$$0000000A  c_w.l(libinit2.o)
    0x080001b0   0x00000000   Code   RO          477    .ARM.Collect$$libinit$$0000000C  c_w.l(libinit2.o)
    0x080001b0   0x00000006   Code   RO          478    .ARM.Collect$$libinit$$0000000D  c_w.l(libinit2.o)
    0x080001b6   0x00000000   Code   RO          480    .ARM.Collect$$libinit$$0000000F  c_w.l(libinit2.o)
    0x080001b6   0x00000000   Code   RO          482    .ARM.Collect$$libinit$$00000011  c_w.l(libinit2.o)
    0x080001b6   0x00000000   Code   RO          484    .ARM.Collect$$libinit$$00000013  c_w.l(libinit2.o)
    0x080001b6   0x0000000a   Code   RO          485    .ARM.Collect$$libinit$$00000014  c_w.l(libinit2.o)
    0x080001c0   0x00000000   Code   RO          486    .ARM.Collect$$libinit$$00000015  c_w.l(libinit2.o)
    0x080001c0   0x00000000   Code   RO          488    .ARM.Collect$$libinit$$00000017  c_w.l(libinit2.o)
    0x080001c0   0x00000000   Code   RO          490    .ARM.Collect$$libinit$$00000019  c_w.l(libinit2.o)
    0x080001c0   0x00000000   Code   RO          492    .ARM.Collect$$libinit$$0000001B  c_w.l(libinit2.o)
    0x080001c0   0x00000000   Code   RO          494    .ARM.Collect$$libinit$$0000001D  c_w.l(libinit2.o)
    0x080001c0   0x00000000   Code   RO          496    .ARM.Collect$$libinit$$0000001F  c_w.l(libinit2.o)
    0x080001c0   0x00000000   Code   RO          498    .ARM.Collect$$libinit$$00000021  c_w.l(libinit2.o)
    0x080001c0   0x00000000   Code   RO          500    .ARM.Collect$$libinit$$00000023  c_w.l(libinit2.o)
    0x080001c0   0x00000000   Code   RO          504    .ARM.Collect$$libinit$$0000002A  c_w.l(libinit2.o)
    0x080001c0   0x00000000   Code   RO          506    .ARM.Collect$$libinit$$0000002C  c_w.l(libinit2.o)
    0x080001c0   0x00000000   Code   RO          508    .ARM.Collect$$libinit$$0000002E  c_w.l(libinit2.o)
    0x080001c0   0x00000000   Code   RO          510    .ARM.Collect$$libinit$$00000030  c_w.l(libinit2.o)
    0x080001c0   0x00000002   Code   RO          511    .ARM.Collect$$libinit$$00000031  c_w.l(libinit2.o)
    0x080001c2   0x00000002   Code   RO          539    .ARM.Collect$$libshutdown$$00000000  c_w.l(libshutdown.o)
    0x080001c4   0x00000000   Code   RO          549    .ARM.Collect$$libshutdown$$00000003  c_w.l(libshutdown2.o)
    0x080001c4   0x00000000   Code   RO          552    .ARM.Collect$$libshutdown$$00000006  c_w.l(libshutdown2.o)
    0x080001c4   0x00000000   Code   RO          555    .ARM.Collect$$libshutdown$$00000009  c_w.l(libshutdown2.o)
    0x080001c4   0x00000000   Code   RO          557    .ARM.Collect$$libshutdown$$0000000B  c_w.l(libshutdown2.o)
    0x080001c4   0x00000000   Code   RO          560    .ARM.Collect$$libshutdown$$0000000E  c_w.l(libshutdown2.o)
    0x080001c4   0x00000002   Code   RO          561    .ARM.Collect$$libshutdown$$0000000F  c_w.l(libshutdown2.o)
    0x080001c6   0x00000000   Code   RO          375    .ARM.Collect$$rtentry$$00000000  c_w.l(rtentry.o)
    0x080001c6   0x00000000   Code   RO          391    .ARM.Collect$$rtentry$$00000002  c_w.l(rtentry2.o)
    0x080001c6   0x00000006   Code   RO          403    .ARM.Collect$$rtentry$$00000004  c_w.l(rtentry4.o)
    0x080001cc   0x00000000   Code   RO          393    .ARM.Collect$$rtentry$$00000009  c_w.l(rtentry2.o)
    0x080001cc   0x00000004   Code   RO          394    .ARM.Collect$$rtentry$$0000000A  c_w.l(rtentry2.o)
    0x080001d0   0x00000000   Code   RO          396    .ARM.Collect$$rtentry$$0000000C  c_w.l(rtentry2.o)
    0x080001d0   0x00000008   Code   RO          397    .ARM.Collect$$rtentry$$0000000D  c_w.l(rtentry2.o)
    0x080001d8   0x00000002   Code   RO          512    .ARM.Collect$$rtexit$$00000000  c_w.l(rtexit.o)
    0x080001da   0x00000000   Code   RO          519    .ARM.Collect$$rtexit$$00000002  c_w.l(rtexit2.o)
    0x080001da   0x00000004   Code   RO          520    .ARM.Collect$$rtexit$$00000003  c_w.l(rtexit2.o)
    0x080001de   0x00000006   Code   RO          521    .ARM.Collect$$rtexit$$00000004  c_w.l(rtexit2.o)
    0x080001e4   0x00000002   Code   RO          168    .emb_text           sys.o
    0x080001e6   0x00000002   PAD
    0x080001e8   0x00000434   Code   RO            1    .text               main.o
    0x0800061c   0x0000001a   Code   RO          121    .text               stm32f10x_it.o
    0x08000636   0x00000002   PAD
    0x08000638   0x000001dc   Code   RO          136    .text               system_stm32f10x.o
    0x08000814   0x000000ac   Code   RO          154    .text               delay.o
    0x080008c0   0x00000160   Code   RO          169    .text               sys.o
    0x08000a20   0x0000012c   Code   RO          185    .text               usart.o
    0x08000b4c   0x00000338   Code   RO          204    .text               mpu6050.o
    0x08000e84   0x00000358   Code   RO          216    .text               stm32f10x_gpio.o
    0x080011dc   0x000003a4   Code   RO          228    .text               stm32f10x_rcc.o
    0x08001580   0x000000dc   Code   RO          242    .text               misc.o
    0x0800165c   0x00000e1a   Code   RO          254    .text               stm32f10x_tim.o
    0x08002476   0x00000002   PAD
    0x08002478   0x00000408   Code   RO          266    .text               stm32f10x_usart.o
    0x08002880   0x00000404   Code   RO          278    .text               stm32f10x_i2c.o
    0x08002c84   0x00000040   Code   RO          303    .text               startup_stm32f10x_hd.o
    0x08002cc4   0x00000002   Code   RO          309    .text               c_w.l(use_no_semi_2.o)
    0x08002cc6   0x00000002   PAD
    0x08002cc8   0x00000018   Code   RO          313    .text               c_w.l(noretval__2printf.o)
    0x08002ce0   0x00000068   Code   RO          315    .text               c_w.l(__printf.o)
    0x08002d48   0x00000006   Code   RO          339    .text               c_w.l(heapauxi.o)
    0x08002d4e   0x00000002   Code   RO          373    .text               c_w.l(use_no_semi.o)
    0x08002d50   0x00000420   Code   RO          376    .text               c_w.l(_printf_fp_dec.o)
    0x08003170   0x00000024   Code   RO          378    .text               c_w.l(_printf_char_file.o)
    0x08003194   0x00000008   Code   RO          408    .text               c_w.l(rt_locale_intlibspace.o)
    0x0800319c   0x0000008a   Code   RO          410    .text               c_w.l(lludiv10.o)
    0x08003226   0x00000002   PAD
    0x08003228   0x00000030   Code   RO          412    .text               c_w.l(_printf_char_common.o)
    0x08003258   0x00000080   Code   RO          414    .text               c_w.l(_printf_fp_infnan.o)
    0x080032d8   0x000000e4   Code   RO          416    .text               c_w.l(bigflt0.o)
    0x080033bc   0x00000008   Code   RO          441    .text               c_w.l(ferror.o)
    0x080033c4   0x00000008   Code   RO          452    .text               c_w.l(libspace.o)
    0x080033cc   0x0000004a   Code   RO          455    .text               c_w.l(sys_stackheap_outer.o)
    0x08003416   0x0000000c   Code   RO          459    .text               c_w.l(exit.o)
    0x08003422   0x00000002   PAD
    0x08003424   0x00000080   Code   RO          461    .text               c_w.l(strcmpv7m.o)
    0x080034a4   0x0000003e   Code   RO          419    CL$$btod_d2e        c_w.l(btod.o)
    0x080034e2   0x00000046   Code   RO          421    CL$$btod_d2e_denorm_low  c_w.l(btod.o)
    0x08003528   0x00000060   Code   RO          420    CL$$btod_d2e_norm_op1  c_w.l(btod.o)
    0x08003588   0x00000338   Code   RO          429    CL$$btod_div_common  c_w.l(btod.o)
    0x080038c0   0x000000c6   Code   RO          426    CL$$btod_e2e        c_w.l(btod.o)
    0x08003986   0x00000028   Code   RO          423    CL$$btod_ediv       c_w.l(btod.o)
    0x080039ae   0x00000028   Code   RO          422    CL$$btod_emul       c_w.l(btod.o)
    0x080039d6   0x00000244   Code   RO          428    CL$$btod_mult_common  c_w.l(btod.o)
    0x08003c1a   0x00000028   Code   RO          450    i.__ARM_fpclassify  m_ws.l(fpclassify.o)
    0x08003c42   0x00000002   PAD
    0x08003c44   0x0000002c   Code   RO          446    locale$$code        c_w.l(lc_numeric_c.o)
    0x08003c70   0x00000062   Code   RO          343    x$fpl$d2f           fz_ws.l(d2f.o)
    0x08003cd2   0x00000002   PAD
    0x08003cd4   0x000002b0   Code   RO          346    x$fpl$ddiv          fz_ws.l(ddiv.o)
    0x08003f84   0x00000154   Code   RO          349    x$fpl$dmul          fz_ws.l(dmul.o)
    0x080040d8   0x0000009c   Code   RO          381    x$fpl$dnaninf       fz_ws.l(dnaninf.o)
    0x08004174   0x0000000c   Code   RO          383    x$fpl$dretinf       fz_ws.l(dretinf.o)
    0x08004180   0x00000056   Code   RO          351    x$fpl$f2d           fz_ws.l(f2d.o)
    0x080041d6   0x00000002   PAD
    0x080041d8   0x000000c4   Code   RO          353    x$fpl$fadd          fz_ws.l(faddsub_clz.o)
    0x0800429c   0x00000184   Code   RO          360    x$fpl$fdiv          fz_ws.l(fdiv.o)
    0x08004420   0x00000030   Code   RO          364    x$fpl$fflt          fz_ws.l(fflt_clz.o)
    0x08004450   0x00000102   Code   RO          369    x$fpl$fmul          fz_ws.l(fmul.o)
    0x08004552   0x0000008c   Code   RO          385    x$fpl$fnaninf       fz_ws.l(fnaninf.o)
    0x080045de   0x0000000a   Code   RO          387    x$fpl$fretinf       fz_ws.l(fretinf.o)
    0x080045e8   0x00000014   Code   RO          354    x$fpl$frsb          fz_ws.l(faddsub_clz.o)
    0x080045fc   0x000000ea   Code   RO          355    x$fpl$fsub          fz_ws.l(faddsub_clz.o)
    0x080046e6   0x00000004   Code   RO          371    x$fpl$printf1       fz_ws.l(printf1.o)
    0x080046ea   0x00000000   Code   RO          389    x$fpl$usenofp       fz_ws.l(usenofp.o)
    0x080046ea   0x00000002   PAD
    0x080046ec   0x00000094   Data   RO          417    .constdata          c_w.l(bigflt0.o)
    0x08004780   0x00000020   Data   RO          586    Region$$Table       anon$$obj.o
    0x080047a0   0x0000001c   Data   RO          445    locale$$data        c_w.l(lc_numeric_c.o)


    Execution Region RW_IRAM1 (Base: 0x20000000, Size: 0x000006f0, Max: 0x0000c000, ABSOLUTE)

    Base Addr    Size         Type   Attr      Idx    E Section Name        Object

    0x20000000   0x0000004c   Data   RW            3    .data               main.o
    0x2000004c   0x00000014   Data   RW          137    .data               system_stm32f10x.o
    0x20000060   0x00000004   Data   RW          155    .data               delay.o
    0x20000064   0x00000004   Data   RW          186    .data               usart.o
    0x20000068   0x00000014   Data   RW          229    .data               stm32f10x_rcc.o
    0x2000007c   0x00000010   Zero   RW            2    .bss                main.o
    0x2000008c   0x00000060   Zero   RW          453    .bss                c_w.l(libspace.o)
    0x200000ec   0x00000004   PAD
    0x200000f0   0x00000200   Zero   RW          301    HEAP                startup_stm32f10x_hd.o
    0x200002f0   0x00000400   Zero   RW          300    STACK               startup_stm32f10x_hd.o


==============================================================================

Image component sizes


      Code (inc. data)   RO Data    RW Data    ZI Data      Debug   Object Name

       172         10          0          4          0        895   delay.o
      1076        112          0         76         16     262548   main.o
       220         20          0          0          0       1753   misc.o
       824         26          0          0          0       2166   mpu6050.o
        64         26        304          0       1536        816   startup_stm32f10x_hd.o
       856         40          0          0          0       5593   stm32f10x_gpio.o
      1028         16          0          0          0       9059   stm32f10x_i2c.o
        26          0          0          0          0       1154   stm32f10x_it.o
       932         44          0         20          0       8724   stm32f10x_rcc.o
      3610         88          0          0          0      22084   stm32f10x_tim.o
      1032         22          0          0          0       8324   stm32f10x_usart.o
       354         32          0          0          0       1384   sys.o
       476         36          0         20          0       1663   system_stm32f10x.o
       300         12          0          4          0       3272   usart.o

    ----------------------------------------------------------------------
     10976        484        336        124       1552     329435   Object Totals
         0          0         32          0          0          0   (incl. Generated)
         6          0          0          0          0          0   (incl. Padding)

    ----------------------------------------------------------------------

      Code (inc. data)   RO Data    RW Data    ZI Data      Debug   Library Member Name

         8          0          0          0          0         68   __main.o
       104          0          0          0          0         84   __printf.o
        52          8          0          0          0          0   __scatter.o
        26          0          0          0          0          0   __scatter_copy.o
        28          0          0          0          0          0   __scatter_zi.o
        48          6          0          0          0         96   _printf_char_common.o
        36          4          0          0          0         80   _printf_char_file.o
         6          0          0          0          0          0   _printf_f.o
      1056          0          0          0          0        212   _printf_fp_dec.o
       128         16          0          0          0         84   _printf_fp_infnan.o
         0          0          0          0          0          0   _printf_percent.o
         4          0          0          0          0          0   _printf_percent_end.o
       228          6        148          0          0         96   bigflt0.o
      1910        128          0          0          0        672   btod.o
        12          0          0          0          0         72   exit.o
         8          0          0          0          0         68   ferror.o
         6          0          0          0          0        152   heapauxi.o
        44         10         28          0          0         76   lc_numeric_c.o
         2          0          0          0          0          0   libinit.o
        18          0          0          0          0          0   libinit2.o
         2          0          0          0          0          0   libshutdown.o
         2          0          0          0          0          0   libshutdown2.o
         8          4          0          0         96         68   libspace.o
       138          0          0          0          0         80   lludiv10.o
        24          4          0          0          0         84   noretval__2printf.o
         8          4          0          0          0         68   rt_locale_intlibspace.o
         0          0          0          0          0          0   rtentry.o
        12          0          0          0          0          0   rtentry2.o
         6          0          0          0          0          0   rtentry4.o
         2          0          0          0          0          0   rtexit.o
        10          0          0          0          0          0   rtexit2.o
       128          0          0          0          0         68   strcmpv7m.o
        74          0          0          0          0         80   sys_stackheap_outer.o
         2          0          0          0          0         68   use_no_semi.o
         2          0          0          0          0         68   use_no_semi_2.o
        98          4          0          0          0         92   d2f.o
       688        140          0          0          0        212   ddiv.o
       340         12          0          0          0        104   dmul.o
       156          4          0          0          0         92   dnaninf.o
        12          0          0          0          0         68   dretinf.o
        86          4          0          0          0         84   f2d.o
       450          8          0          0          0        236   faddsub_clz.o
       388         76          0          0          0         96   fdiv.o
        48          0          0          0          0         68   fflt_clz.o
       258          4          0          0          0         84   fmul.o
       140          4          0          0          0         84   fnaninf.o
        10          0          0          0          0         68   fretinf.o
         4          0          0          0          0         68   printf1.o
         0          0          0          0          0          0   usenofp.o
        40          0          0          0          0         68   fpclassify.o

    ----------------------------------------------------------------------
      6876        446        176          0        100       3768   Library Totals
        16          0          0          0          4          0   (incl. Padding)

    ----------------------------------------------------------------------

      Code (inc. data)   RO Data    RW Data    ZI Data      Debug   Library Name

      4142        190        176          0         96       2344   c_w.l
      2678        256          0          0          0       1356   fz_ws.l
        40          0          0          0          0         68   m_ws.l

    ----------------------------------------------------------------------
      6876        446        176          0        100       3768   Library Totals

    ----------------------------------------------------------------------

==============================================================================


      Code (inc. data)   RO Data    RW Data    ZI Data      Debug   

     17852        930        512        124       1652     329667   Grand Totals
     17852        930        512        124       1652     329667   ELF Image Totals
     17852        930        512        124          0          0   ROM Totals

==============================================================================

    Total RO  Size (Code + RO Data)                18364 (  17.93kB)
    Total RW  Size (RW Data + ZI Data)              1776 (   1.73kB)
    Total ROM Size (Code + RO Data + RW Data)      18488 (  18.05kB)

==============================================================================

